Archive member included because of file (symbol)

c:/program files (x86)/microchip/xc32/v1.21/bin/../lib/gcc/pic32mx/4.5.2/../../../../pic32mx/lib\libmchp_peripheral.a(update_core_timer_lib.o)
                              build/default/debug/_ext/1472/main.o (UpdateCoreTimer)
c:/program files (x86)/microchip/xc32/v1.21/bin/../lib/gcc/pic32mx/4.5.2/../../../../pic32mx/lib\libmchp_peripheral_32MX220F032D.a(int_disable_interrupts_lib.o)
                              build/default/debug/_ext/1472/main.o (INTDisableInterrupts)
c:/program files (x86)/microchip/xc32/v1.21/bin/../lib/gcc/pic32mx/4.5.2/../../../../pic32mx/lib\libmchp_peripheral_32MX220F032D.a(int_restore_interrupts_lib.o)
                              build/default/debug/_ext/1472/main.o (INTRestoreInterrupts)
c:/program files (x86)/microchip/xc32/v1.21/bin/../lib/gcc/pic32mx/4.5.2/../../../../pic32mx/lib\libmchp_peripheral_32MX220F032D.a(int_enable_mv_int_lib.o)
                              build/default/debug/_ext/1472/main.o (INTEnableSystemMultiVectoredInt)
c:/program files (x86)/microchip/xc32/v1.21/bin/../lib/gcc/pic32mx/4.5.2/../../../../pic32mx/lib\libmchp_peripheral_32MX220F032D.a(uart_lib.o)
                              build/default/debug/_ext/1472/Uart.o (uartReg)
c:/program files (x86)/microchip/xc32/v1.21/bin/../lib/gcc/pic32mx/4.5.2/../../../../pic32mx/lib\libmchp_peripheral_32MX220F032D.a(int_enable_interrupts_lib.o)
                              c:/program files (x86)/microchip/xc32/v1.21/bin/../lib/gcc/pic32mx/4.5.2/../../../../pic32mx/lib\libmchp_peripheral_32MX220F032D.a(int_enable_mv_int_lib.o) (INTEnableInterrupts)
c:/program files (x86)/microchip/xc32/v1.21/bin/../lib/gcc/pic32mx/4.5.2/../../../../pic32mx/lib\libpic32.a(memset.o)
                              build/default/debug/_ext/1472/EEPROM.o (memset)
c:/program files (x86)/microchip/xc32/v1.21/bin/../lib/gcc/pic32mx/4.5.2/../../../../pic32mx/lib\libpic32.a(default-bootstrap-exception-handler.o)
                              c:/program files (x86)/microchip/xc32/v1.21/bin/../lib/gcc/pic32mx/4.5.2/../../../../pic32mx/lib/crt0.o (_bootstrap_exception_handler)
c:/program files (x86)/microchip/xc32/v1.21/bin/../lib/gcc/pic32mx/4.5.2/../../../../pic32mx/lib\libpic32.a(default-on-reset.o)
                              c:/program files (x86)/microchip/xc32/v1.21/bin/../lib/gcc/pic32mx/4.5.2/../../../../pic32mx/lib/crt0.o (_on_reset)
c:/program files (x86)/microchip/xc32/v1.21/bin/../lib/gcc/pic32mx/4.5.2/../../../../pic32mx/lib\libpic32.a(default-on-bootstrap.o)
                              c:/program files (x86)/microchip/xc32/v1.21/bin/../lib/gcc/pic32mx/4.5.2/../../../../pic32mx/lib/crt0.o (_on_bootstrap)
c:/program files (x86)/microchip/xc32/v1.21/bin/../lib/gcc/pic32mx/4.5.2/../../../../pic32mx/lib\libpic32.a(default-nmi-handler.o)
                              c:/program files (x86)/microchip/xc32/v1.21/bin/../lib/gcc/pic32mx/4.5.2/../../../../pic32mx/lib/crt0.o (_nmi_handler)
c:/program files (x86)/microchip/xc32/v1.21/bin/../lib/gcc/pic32mx/4.5.2/../../../../pic32mx/lib\libpic32.a(general-exception.o)
                              c:/program files (x86)/microchip/xc32/v1.21/bin/../lib/gcc/pic32mx/4.5.2/../../../../pic32mx/lib/crt0.o (_general_exception_context)
c:/program files (x86)/microchip/xc32/v1.21/bin/../lib/gcc/pic32mx/4.5.2/../../../../pic32mx/lib\libpic32.a(vector1.o)
                              c:/program files (x86)/microchip/xc32/v1.21/bin/../lib/gcc/pic32mx/4.5.2/../../../../pic32mx/lib/./proc/32MX220F032D\default_isr_vectors.o (__vector_dispatch_1)
c:/program files (x86)/microchip/xc32/v1.21/bin/../lib/gcc/pic32mx/4.5.2/../../../../pic32mx/lib\libpic32.a(vector2.o)
                              c:/program files (x86)/microchip/xc32/v1.21/bin/../lib/gcc/pic32mx/4.5.2/../../../../pic32mx/lib/./proc/32MX220F032D\default_isr_vectors.o (__vector_dispatch_2)
c:/program files (x86)/microchip/xc32/v1.21/bin/../lib/gcc/pic32mx/4.5.2/../../../../pic32mx/lib\libpic32.a(vector3.o)
                              c:/program files (x86)/microchip/xc32/v1.21/bin/../lib/gcc/pic32mx/4.5.2/../../../../pic32mx/lib/./proc/32MX220F032D\default_isr_vectors.o (__vector_dispatch_3)
c:/program files (x86)/microchip/xc32/v1.21/bin/../lib/gcc/pic32mx/4.5.2/../../../../pic32mx/lib\libpic32.a(vector4.o)
                              c:/program files (x86)/microchip/xc32/v1.21/bin/../lib/gcc/pic32mx/4.5.2/../../../../pic32mx/lib/./proc/32MX220F032D\default_isr_vectors.o (__vector_dispatch_4)
c:/program files (x86)/microchip/xc32/v1.21/bin/../lib/gcc/pic32mx/4.5.2/../../../../pic32mx/lib\libpic32.a(vector5.o)
                              c:/program files (x86)/microchip/xc32/v1.21/bin/../lib/gcc/pic32mx/4.5.2/../../../../pic32mx/lib/./proc/32MX220F032D\default_isr_vectors.o (__vector_dispatch_5)
c:/program files (x86)/microchip/xc32/v1.21/bin/../lib/gcc/pic32mx/4.5.2/../../../../pic32mx/lib\libpic32.a(vector6.o)
[...]
Memory Configuration

Name             Origin             Length             Attributes
exception_mem    0x9d000000         0x00000a00
kseg0_program_mem 0x9d000a00         0x00007600         xr
debug_exec_mem   0x9fc00490         0x00000760
kseg0_boot_mem   0x9fc00490         0x00000000
kseg1_boot_mem   0xbfc00000         0x00000490
config3          0xbfc00bf0         0x00000004
config2          0xbfc00bf4         0x00000004
config1          0xbfc00bf8         0x00000004
config0          0xbfc00bfc         0x00000004
kseg1_data_mem   0xa0000000         0x00002000         w !x
sfrs             0xbf800000         0x00100000
configsfrs       0xbfc00bf0         0x00000010
*default*        0x00000000         0xffffffff

Linker script and memory map

LOAD c:/program files (x86)/microchip/xc32/v1.21/bin/../lib/gcc/pic32mx/4.5.2/../../../../pic32mx/lib/crt0.o
                0x00000001                _DEBUGGER = 0x1
LOAD build/default/debug/_ext/1472/main.o
LOAD build/default/debug/_ext/1472/ID_Decode.o
LOAD build/default/debug/_ext/1472/Initial.o
LOAD build/default/debug/_ext/1472/Timers.o
LOAD build/default/debug/_ext/1472/adf7021.o
LOAD build/default/debug/_ext/1472/Uart.o
LOAD build/default/debug/_ext/1472/EEPROM.o
LOAD build/default/debug/_ext/1472/pcf8563.o
                0x00000001                __MPLAB_BUILD = 0x1
                0x00000001                __ICD2RAM = 0x1
                0x00000001                __MPLAB_DEBUG = 0x1
                0x00000001                __DEBUG = 0x1
                0x00000001                __MPLAB_DEBUGGER_PK3 = 0x1
LOAD c:/program files (x86)/microchip/xc32/v1.21/bin/../lib/gcc/pic32mx/4.5.2/../../../../pic32mx/lib/./proc/32MX220F032D\default_isr_vectors.o
                0x00000400                PROVIDE (_min_stack_size, 0x400)
LOAD c:/program files (x86)/microchip/xc32/v1.21/bin/../lib/gcc/pic32mx/4.5.2/../../../../pic32mx/lib/./proc/32MX220F032D\processor.o
START GROUP
LOAD c:/program files (x86)/microchip/xc32/v1.21/bin/../lib/gcc/pic32mx/4.5.2/../../../../pic32mx/lib\libmchp_peripheral.a
END GROUP
START GROUP
LOAD c:/program files (x86)/microchip/xc32/v1.21/bin/../lib/gcc/pic32mx/4.5.2/../../../../pic32mx/lib\libmchp_peripheral_32MX220F032D.a
END GROUP
                0x00000001                PROVIDE (_vector_spacing, 0x1)
                0x9d000000                _ebase_address = 0x9d000000
                0xbfc00000                _RESET_ADDR = 0xbfc00000
                0xbfc00380                _BEV_EXCPT_ADDR = 0xbfc00380
                0xbfc00480                _DBG_EXCPT_ADDR = 0xbfc00480
                0x9fc00490                _DBG_CODE_ADDR = 0x9fc00490
                0x00000760                _DBG_CODE_SIZE = 0x760
                0x9d000180                _GEN_EXCPT_ADDR = (_ebase_address + 0x180)

.config_BFC00BF0
                0xbfc00bf0        0x4
 *(.config_BFC00BF0)
 .config_BFC00BF0
                0xbfc00bf0        0x4 build/default/debug/_ext/1472/main.o

.config_BFC00BF4
                0xbfc00bf4        0x4
 *(.config_BFC00BF4)
 .config_BFC00BF4
                0xbfc00bf4        0x4 build/default/debug/_ext/1472/main.o

.config_BFC00BF8
                0xbfc00bf8        0x4
 *(.config_BFC00BF8)
 .config_BFC00BF8
                0xbfc00bf8        0x4 build/default/debug/_ext/1472/main.o

.config_BFC00BFC
                0xbfc00bfc        0x4
 *(.config_BFC00BFC)
 .config_BFC00BFC
                0xbfc00bfc        0x4 build/default/debug/_ext/1472/main.o
                0xbfc02000                PROVIDE (_DBG_CODE_ADDR, 0xbfc02000)
                0x00000ff0                PROVIDE (_DBG_CODE_SIZE, 0xff0)

.reset          0xbfc00000      0x1f4
 *(.reset)
 .reset         0xbfc00000       0x10 c:/program files (x86)/microchip/xc32/v1.21/bin/../lib/gcc/pic32mx/4.5.2/../../../../pic32mx/lib/crt0.o
                0xbfc00000                _reset
 *(.reset.startup)
 .reset.startup
                0xbfc00010      0x1e4 c:/program files (x86)/microchip/xc32/v1.21/bin/../lib/gcc/pic32mx/4.5.2/../../../../pic32mx/lib/crt0.o

.bev_excpt      0xbfc00380       0x10
 *(.bev_handler)
 .bev_handler   0xbfc00380       0x10 c:/program files (x86)/microchip/xc32/v1.21/bin/../lib/gcc/pic32mx/4.5.2/../../../../pic32mx/lib/crt0.o

.dbg_excpt      0xbfc00480        0x8
                0xbfc00480                . = (. + DEFINED (_DEBUGGER)?0x8:0x0)
 *fill*         0xbfc00480        0x8 00

.dbg_code       0x9fc00490      0x760
                0x9fc00490                . = (. + DEFINED (_DEBUGGER)?_DBG_CODE_SIZE:0x0)
 *fill*         0x9fc00490      0x760 00

.app_excpt      0x9d000180       0x10
 *(.gen_handler)
 .gen_handler   0x9d000180       0x10 c:/program files (x86)/microchip/xc32/v1.21/bin/../lib/gcc/pic32mx/4.5.2/../../../../pic32mx/lib/crt0.o

.vector_0       0x9d000200        0x8
 *(.vector_0)
 .vector_0      0x9d000200        0x8 build/default/debug/_ext/1472/main.o
                0x9d000200                __vector_dispatch_0
                0x00000001                ASSERT (((_vector_spacing == 0x0) || (SIZEOF (.vector_0) <= (_vector_spacing << 0x5))), function at exception vector 0 too large)

.vector_1       0x9d000220        0x8
 *(.vector_1)
 .vector_1      0x9d000220        0x8 c:/program files (x86)/microchip/xc32/v1.21/bin/../lib/gcc/pic32mx/4.5.2/../../../../pic32mx/lib\libpic32.a(vector1.o)
                0x9d000220                __vector_dispatch_1
                0x00000001                ASSERT (((_vector_spacing == 0x0) || (SIZEOF (.vector_1) <= (_vector_spacing << 0x5))), function at exception vector 1 too large)

.vector_2       0x9d000240        0x8
 *(.vector_2)
 .vector_2      0x9d000240        0x8 c:/program files (x86)/microchip/xc32/v1.21/bin/../lib/gcc/pic32mx/4.5.2/../../../../pic32mx/lib\libpic32.a(vector2.o)
                0x9d000240                __vector_dispatch_2
                0x00000001                ASSERT (((_vector_spacing == 0x0) || (SIZEOF (.vector_2) <= (_vector_spacing << 0x5))), function at exception vector 2 too large)

.vector_3       0x9d000260        0x8
 *(.vector_3)
 .vector_3      0x9d000260        0x8 c:/program files (x86)/microchip/xc32/v1.21/bin/../lib/gcc/pic32mx/4.5.2/../../../../pic32mx/lib\libpic32.a(vector3.o)
                0x9d000260                __vector_dispatch_3
                0x00000001                ASSERT (((_vector_spacing == 0x0) || (SIZEOF (.vector_3) <= (_vector_spacing << 0x5))), function at exception vector 3 too large)

.vector_4       0x9d000280        0x8
 *(.vector_4)
 .vector_4      0x9d000280        0x8 c:/program files (x86)/microchip/xc32/v1.21/bin/../lib/gcc/pic32mx/4.5.2/../../../../pic32mx/lib\libpic32.a(vector4.o)
                0x9d000280                __vector_dispatch_4
                0x00000001                ASSERT (((_vector_spacing == 0x0) || (SIZEOF (.vector_4) <= (_vector_spacing << 0x5))), function at exception vector 4 too large)

.vector_5       0x9d0002a0        0x8
 *(.vector_5)
 .vector_5      0x9d0002a0        0x8 c:/program files (x86)/microchip/xc32/v1.21/bin/../lib/gcc/pic32mx/4.5.2/../../../../pic32mx/lib\libpic32.a(vector5.o)
                0x9d0002a0                __vector_dispatch_5
                0x00000001                ASSERT (((_vector_spacing == 0x0) || (SIZEOF (.vector_5) <= (_vector_spacing << 0x5))), function at exception vector 5 too large)

.vector_6       0x9d0002c0        0x8
 *(.vector_6)
 .vector_6      0x9d0002c0        0x8 c:/program files (x86)/microchip/xc32/v1.21/bin/../lib/gcc/pic32mx/4.5.2/../../../../pic32mx/lib\libpic32.a(vector6.o)
                0x9d0002c0                __vector_dispatch_6
                0x00000001                ASSERT (((_vector_spacing == 0x0) || (SIZEOF (.vector_6) <= (_vector_spacing << 0x5))), function at exception vector 6 too large)

.vector_7       0x9d0002e0        0x8
 *(.vector_7)
 .vector_7      0x9d0002e0        0x8 c:/program files (x86)/microchip/xc32/v1.21/bin/../lib/gcc/pic32mx/4.5.2/../../../../pic32mx/lib\libpic32.a(vector7.o)
                0x9d0002e0                __vector_dispatch_7
                0x00000001                ASSERT (((_vector_spacing == 0x0) || (SIZEOF (.vector_7) <= (_vector_spacing << 0x5))), function at exception vector 7 too large)

.vector_8       0x9d000300        0x8
 *(.vector_8)
 .vector_8      0x9d000300        0x8 build/default/debug/_ext/1472/Timers.o
                0x9d000300                __vector_dispatch_8
                0x00000001                ASSERT (((_vector_spacing == 0x0) || (SIZEOF (.vector_8) <= (_vector_spacing << 0x5))), function at exception vector 8 too large)

.vector_9       0x9d000320        0x8
 *(.vector_9)
 .vector_9      0x9d000320        0x8 c:/program files (x86)/microchip/xc32/v1.21/bin/../lib/gcc/pic32mx/4.5.2/../../../../pic32mx/lib\libpic32.a(vector9.o)
                0x9d000320                __vector_dispatch_9
                0x00000001                ASSERT (((_vector_spacing == 0x0) || (SIZEOF (.vector_9) <= (_vector_spacing << 0x5))), function at exception vector 9 too large)

.vector_10      0x9d000340        0x8
 *(.vector_10)
 .vector_10     0x9d000340        0x8 c:/program files (x86)/microchip/xc32/v1.21/bin/../lib/gcc/pic32mx/4.5.2/../../../../pic32mx/lib\libpic32.a(vector10.o)
                0x9d000340                __vector_dispatch_10
                0x00000001                ASSERT (((_vector_spacing == 0x0) || (SIZEOF (.vector_10) <= (_vector_spacing << 0x5))), function at exception vector 10 too large)

.vector_11      0x9d000360        0x8
 *(.vector_11)
 .vector_11     0x9d000360        0x8 build/default/debug/_ext/1472/ID_Decode.o
                0x9d000360                __vector_dispatch_11
                0x00000001                ASSERT (((_vector_spacing == 0x0) || (SIZEOF (.vector_11) <= (_vector_spacing << 0x5))), function at exception vector 11 too large)

.vector_12      0x9d000380        0x8
 *(.vector_12)
 .vector_12     0x9d000380        0x8 c:/program files (x86)/microchip/xc32/v1.21/bin/../lib/gcc/pic32mx/4.5.2/../../../../pic32mx/lib\libpic32.a(vector12.o)
                0x9d000380                __vector_dispatch_12
                0x00000001                ASSERT (((_vector_spacing == 0x0) || (SIZEOF (.vector_12) <= (_vector_spacing << 0x5))), function at exception vector 12 too large)

.vector_13      0x9d0003a0        0x8
 *(.vector_13)
 .vector_13     0x9d0003a0        0x8 c:/program files (x86)/microchip/xc32/v1.21/bin/../lib/gcc/pic32mx/4.5.2/../../../../pic32mx/lib\libpic32.a(vector13.o)
                0x9d0003a0                __vector_dispatch_13
                0x00000001                ASSERT (((_vector_spacing == 0x0) || (SIZEOF (.vector_13) <= (_vector_spacing << 0x5))), function at exception vector 13 too large)

.vector_14      0x9d0003c0        0x8
 *(.vector_14)
 .vector_14     0x9d0003c0        0x8 c:/program files (x86)/microchip/xc32/v1.21/bin/../lib/gcc/pic32mx/4.5.2/../../../../pic32mx/lib\libpic32.a(vector14.o)
                0x9d0003c0                __vector_dispatch_14
                0x00000001                ASSERT (((_vector_spacing == 0x0) || (SIZEOF (.vector_14) <= (_vector_spacing << 0x5))), function at exception vector 14 too large)

.vector_15      0x9d0003e0        0x8
 *(.vector_15)
 .vector_15     0x9d0003e0        0x8 c:/program files (x86)/microchip/xc32/v1.21/bin/../lib/gcc/pic32mx/4.5.2/../../../../pic32mx/lib\libpic32.a(vector15.o)
                0x9d0003e0                __vector_dispatch_15
                0x00000001                ASSERT (((_vector_spacing == 0x0) || (SIZEOF (.vector_15) <= (_vector_spacing << 0x5))), function at exception vector 15 too large)

.vector_16      0x9d000400        0x8
 *(.vector_16)
 .vector_16     0x9d000400        0x8 c:/program files (x86)/microchip/xc32/v1.21/bin/../lib/gcc/pic32mx/4.5.2/../../../../pic32mx/lib\libpic32.a(vector16.o)
                0x9d000400                __vector_dispatch_16
                0x00000001                ASSERT (((_vector_spacing == 0x0) || (SIZEOF (.vector_16) <= (_vector_spacing << 0x5))), function at exception vector 16 too large)

.vector_17      0x9d000420        0x8
 *(.vector_17)
 .vector_17     0x9d000420        0x8 c:/program files (x86)/microchip/xc32/v1.21/bin/../lib/gcc/pic32mx/4.5.2/../../../../pic32mx/lib\libpic32.a(vector17.o)
                0x9d000420                __vector_dispatch_17
                0x00000001                ASSERT (((_vector_spacing == 0x0) || (SIZEOF (.vector_17) <= (_vector_spacing << 0x5))), function at exception vector 17 too large)

.vector_18      0x9d000440        0x8
 *(.vector_18)
 .vector_18     0x9d000440        0x8 c:/program files (x86)/microchip/xc32/v1.21/bin/../lib/gcc/pic32mx/4.5.2/../../../../pic32mx/lib\libpic32.a(vector18.o)
                0x9d000440                __vector_dispatch_18
                0x00000001                ASSERT (((_vector_spacing == 0x0) || (SIZEOF (.vector_18) <= (_vector_spacing << 0x5))), function at exception vector 18 too large)

.vector_19      0x9d000460        0x8
 *(.vector_19)
 .vector_19     0x9d000460        0x8 c:/program files (x86)/microchip/xc32/v1.21/bin/../lib/gcc/pic32mx/4.5.2/../../../../pic32mx/lib\libpic32.a(vector19.o)
                0x9d000460                __vector_dispatch_19
                0x00000001                ASSERT (((_vector_spacing == 0x0) || (SIZEOF (.vector_19) <= (_vector_spacing << 0x5))), function at exception vector 19 too large)

.vector_20      0x9d000480        0x8
 *(.vector_20)
 .vector_20     0x9d000480        0x8 c:/program files (x86)/microchip/xc32/v1.21/bin/../lib/gcc/pic32mx/4.5.2/../../../../pic32mx/lib\libpic32.a(vector20.o)
                0x9d000480                __vector_dispatch_20
                0x00000001                ASSERT (((_vector_spacing == 0x0) || (SIZEOF (.vector_20) <= (_vector_spacing << 0x5))), function at exception vector 20 too large)

.vector_21      0x9d0004a0        0x8
 *(.vector_21)
 .vector_21     0x9d0004a0        0x8 c:/program files (x86)/microchip/xc32/v1.21/bin/../lib/gcc/pic32mx/4.5.2/../../../../pic32mx/lib\libpic32.a(vector21.o)
                0x9d0004a0                __vector_dispatch_21
                0x00000001                ASSERT (((_vector_spacing == 0x0) || (SIZEOF (.vector_21) <= (_vector_spacing << 0x5))), function at exception vector 21 too large)

.vector_22      0x9d0004c0        0x8
 *(.vector_22)
 .vector_22     0x9d0004c0        0x8 c:/program files (x86)/microchip/xc32/v1.21/bin/../lib/gcc/pic32mx/4.5.2/../../../../pic32mx/lib\libpic32.a(vector22.o)
                0x9d0004c0                __vector_dispatch_22
                0x00000001                ASSERT (((_vector_spacing == 0x0) || (SIZEOF (.vector_22) <= (_vector_spacing << 0x5))), function at exception vector 22 too large)

.vector_23      0x9d0004e0        0x8
 *(.vector_23)
 .vector_23     0x9d0004e0        0x8 c:/program files (x86)/microchip/xc32/v1.21/bin/../lib/gcc/pic32mx/4.5.2/../../../../pic32mx/lib\libpic32.a(vector23.o)
                0x9d0004e0                __vector_dispatch_23
                0x00000001                ASSERT (((_vector_spacing == 0x0) || (SIZEOF (.vector_23) <= (_vector_spacing << 0x5))), function at exception vector 23 too large)

.vector_24      0x9d000500        0x8
 *(.vector_24)
 .vector_24     0x9d000500        0x8 c:/program files (x86)/microchip/xc32/v1.21/bin/../lib/gcc/pic32mx/4.5.2/../../../../pic32mx/lib\libpic32.a(vector24.o)
                0x9d000500                __vector_dispatch_24
                0x00000001                ASSERT (((_vector_spacing == 0x0) || (SIZEOF (.vector_24) <= (_vector_spacing << 0x5))), function at exception vector 24 too large)

.vector_25      0x9d000520        0x8
 *(.vector_25)
 .vector_25     0x9d000520        0x8 c:/program files (x86)/microchip/xc32/v1.21/bin/../lib/gcc/pic32mx/4.5.2/../../../../pic32mx/lib\libpic32.a(vector25.o)
                0x9d000520                __vector_dispatch_25
                0x00000001                ASSERT (((_vector_spacing == 0x0) || (SIZEOF (.vector_25) <= (_vector_spacing << 0x5))), function at exception vector 25 too large)

.vector_26      0x9d000540        0x8
 *(.vector_26)
 .vector_26     0x9d000540        0x8 c:/program files (x86)/microchip/xc32/v1.21/bin/../lib/gcc/pic32mx/4.5.2/../../../../pic32mx/lib\libpic32.a(vector26.o)
                0x9d000540                __vector_dispatch_26
                0x00000001                ASSERT (((_vector_spacing == 0x0) || (SIZEOF (.vector_26) <= (_vector_spacing << 0x5))), function at exception vector 26 too large)

.vector_27      0x9d000560        0x8
 *(.vector_27)
 .vector_27     0x9d000560        0x8 c:/program files (x86)/microchip/xc32/v1.21/bin/../lib/gcc/pic32mx/4.5.2/../../../../pic32mx/lib\libpic32.a(vector27.o)
                0x9d000560                __vector_dispatch_27
                0x00000001                ASSERT (((_vector_spacing == 0x0) || (SIZEOF (.vector_27) <= (_vector_spacing << 0x5))), function at exception vector 27 too large)

.vector_28      0x9d000580        0x8
 *(.vector_28)
 .vector_28     0x9d000580        0x8 c:/program files (x86)/microchip/xc32/v1.21/bin/../lib/gcc/pic32mx/4.5.2/../../../../pic32mx/lib\libpic32.a(vector28.o)
                0x9d000580                __vector_dispatch_28
                0x00000001                ASSERT (((_vector_spacing == 0x0) || (SIZEOF (.vector_28) <= (_vector_spacing << 0x5))), function at exception vector 28 too large)

.vector_29      0x9d0005a0        0x8
 *(.vector_29)
 .vector_29     0x9d0005a0        0x8 c:/program files (x86)/microchip/xc32/v1.21/bin/../lib/gcc/pic32mx/4.5.2/../../../../pic32mx/lib\libpic32.a(vector29.o)
                0x9d0005a0                __vector_dispatch_29
                0x00000001                ASSERT (((_vector_spacing == 0x0) || (SIZEOF (.vector_29) <= (_vector_spacing << 0x5))), function at exception vector 29 too large)

.vector_30      0x9d0005c0        0x8
 *(.vector_30)
 .vector_30     0x9d0005c0        0x8 c:/program files (x86)/microchip/xc32/v1.21/bin/../lib/gcc/pic32mx/4.5.2/../../../../pic32mx/lib\libpic32.a(vector30.o)
                0x9d0005c0                __vector_dispatch_30
                0x00000001                ASSERT (((_vector_spacing == 0x0) || (SIZEOF (.vector_30) <= (_vector_spacing << 0x5))), function at exception vector 30 too large)

.vector_31      0x9d0005e0        0x8
 *(.vector_31)
 .vector_31     0x9d0005e0        0x8 c:/program files (x86)/microchip/xc32/v1.21/bin/../lib/gcc/pic32mx/4.5.2/../../../../pic32mx/lib\libpic32.a(vector31.o)
                0x9d0005e0                __vector_dispatch_31
                0x00000001                ASSERT (((_vector_spacing == 0x0) || (SIZEOF (.vector_31) <= (_vector_spacing << 0x5))), function at exception vector 31 too large)

.vector_32      0x9d000600        0x8
 *(.vector_32)
 .vector_32     0x9d000600        0x8 build/default/debug/_ext/1472/Uart.o
                0x9d000600                __vector_dispatch_32
                0x00000001                ASSERT (((_vector_spacing == 0x0) || (SIZEOF (.vector_32) <= (_vector_spacing << 0x5))), function at exception vector 32 too large)

.vector_33      0x9d000620        0x8
 *(.vector_33)
 .vector_33     0x9d000620        0x8 c:/program files (x86)/microchip/xc32/v1.21/bin/../lib/gcc/pic32mx/4.5.2/../../../../pic32mx/lib\libpic32.a(vector33.o)
                0x9d000620                __vector_dispatch_33
                0x00000001                ASSERT (((_vector_spacing == 0x0) || (SIZEOF (.vector_33) <= (_vector_spacing << 0x5))), function at exception vector 33 too large)

.vector_34      0x9d000640        0x8
 *(.vector_34)
 .vector_34     0x9d000640        0x8 c:/program files (x86)/microchip/xc32/v1.21/bin/../lib/gcc/pic32mx/4.5.2/../../../../pic32mx/lib\libpic32.a(vector34.o)
                0x9d000640                __vector_dispatch_34
                0x00000001                ASSERT (((_vector_spacing == 0x0) || (SIZEOF (.vector_34) <= (_vector_spacing << 0x5))), function at exception vector 34 too large)

.vector_35      0x9d000660        0x8
 *(.vector_35)
 .vector_35     0x9d000660        0x8 c:/program files (x86)/microchip/xc32/v1.21/bin/../lib/gcc/pic32mx/4.5.2/../../../../pic32mx/lib\libpic32.a(vector35.o)
                0x9d000660                __vector_dispatch_35
                0x00000001                ASSERT (((_vector_spacing == 0x0) || (SIZEOF (.vector_35) <= (_vector_spacing << 0x5))), function at exception vector 35 too large)

.vector_36      0x9d000680        0x8
 *(.vector_36)
 .vector_36     0x9d000680        0x8 c:/program files (x86)/microchip/xc32/v1.21/bin/../lib/gcc/pic32mx/4.5.2/../../../../pic32mx/lib\libpic32.a(vector36.o)
                0x9d000680                __vector_dispatch_36
                0x00000001                ASSERT (((_vector_spacing == 0x0) || (SIZEOF (.vector_36) <= (_vector_spacing << 0x5))), function at exception vector 36 too large)

.vector_37      0x9d0006a0        0x8
 *(.vector_37)
 .vector_37     0x9d0006a0        0x8 c:/program files (x86)/microchip/xc32/v1.21/bin/../lib/gcc/pic32mx/4.5.2/../../../../pic32mx/lib\libpic32.a(vector37.o)
                0x9d0006a0                __vector_dispatch_37
                0x00000001                ASSERT (((_vector_spacing == 0x0) || (SIZEOF (.vector_37) <= (_vector_spacing << 0x5))), function at exception vector 37 too large)

.vector_38      0x9d0006c0        0x8
 *(.vector_38)
 .vector_38     0x9d0006c0        0x8 c:/program files (x86)/microchip/xc32/v1.21/bin/../lib/gcc/pic32mx/4.5.2/../../../../pic32mx/lib\libpic32.a(vector38.o)
                0x9d0006c0                __vector_dispatch_38
                0x00000001                ASSERT (((_vector_spacing == 0x0) || (SIZEOF (.vector_38) <= (_vector_spacing << 0x5))), function at exception vector 38 too large)

.vector_39      0x9d0006e0        0x8
 *(.vector_39)
 .vector_39     0x9d0006e0        0x8 c:/program files (x86)/microchip/xc32/v1.21/bin/../lib/gcc/pic32mx/4.5.2/../../../../pic32mx/lib\libpic32.a(vector39.o)
                0x9d0006e0                __vector_dispatch_39
                0x00000001                ASSERT (((_vector_spacing == 0x0) || (SIZEOF (.vector_39) <= (_vector_spacing << 0x5))), function at exception vector 39 too large)

.vector_40      0x9d000700        0x8
 *(.vector_40)
 .vector_40     0x9d000700        0x8 c:/program files (x86)/microchip/xc32/v1.21/bin/../lib/gcc/pic32mx/4.5.2/../../../../pic32mx/lib\libpic32.a(vector40.o)
                0x9d000700                __vector_dispatch_40
                0x00000001                ASSERT (((_vector_spacing == 0x0) || (SIZEOF (.vector_40) <= (_vector_spacing << 0x5))), function at exception vector 40 too large)

.vector_41      0x9d000720        0x8
 *(.vector_41)
 .vector_41     0x9d000720        0x8 c:/program files (x86)/microchip/xc32/v1.21/bin/../lib/gcc/pic32mx/4.5.2/../../../../pic32mx/lib\libpic32.a(vector41.o)
                0x9d000720                __vector_dispatch_41
                0x00000001                ASSERT (((_vector_spacing == 0x0) || (SIZEOF (.vector_41) <= (_vector_spacing << 0x5))), function at exception vector 41 too large)

.vector_42      0x9d000740        0x8
 *(.vector_42)
 .vector_42     0x9d000740        0x8 c:/program files (x86)/microchip/xc32/v1.21/bin/../lib/gcc/pic32mx/4.5.2/../../../../pic32mx/lib\libpic32.a(vector42.o)
                0x9d000740                __vector_dispatch_42
                0x00000001                ASSERT (((_vector_spacing == 0x0) || (SIZEOF (.vector_42) <= (_vector_spacing << 0x5))), function at exception vector 42 too large)

.vector_43      0x9d000760        0x8
 *(.vector_43)
 .vector_43     0x9d000760        0x8 c:/program files (x86)/microchip/xc32/v1.21/bin/../lib/gcc/pic32mx/4.5.2/../../../../pic32mx/lib\libpic32.a(vector43.o)
                0x9d000760                __vector_dispatch_43
                0x00000001                ASSERT (((_vector_spacing == 0x0) || (SIZEOF (.vector_43) <= (_vector_spacing << 0x5))), function at exception vector 43 too large)

.vector_44      0x9d000780        0x8
 *(.vector_44)
 .vector_44     0x9d000780        0x8 c:/program files (x86)/microchip/xc32/v1.21/bin/../lib/gcc/pic32mx/4.5.2/../../../../pic32mx/lib\libpic32.a(vector44.o)
                0x9d000780                __vector_dispatch_44
                0x00000001                ASSERT (((_vector_spacing == 0x0) || (SIZEOF (.vector_44) <= (_vector_spacing << 0x5))), function at exception vector 44 too large)

.vector_45      0x9d0007a0        0x8
 *(.vector_45)
 .vector_45     0x9d0007a0        0x8 c:/program files (x86)/microchip/xc32/v1.21/bin/../lib/gcc/pic32mx/4.5.2/../../../../pic32mx/lib\libpic32.a(vector45.o)
                0x9d0007a0                __vector_dispatch_45
                0x00000001                ASSERT (((_vector_spacing == 0x0) || (SIZEOF (.vector_45) <= (_vector_spacing << 0x5))), function at exception vector 45 too large)

.vector_46      0x9d0007c0        0x8
 *(.vector_46)
 .vector_46     0x9d0007c0        0x8 c:/program files (x86)/microchip/xc32/v1.21/bin/../lib/gcc/pic32mx/4.5.2/../../../../pic32mx/lib\libpic32.a(vector46.o)
                0x9d0007c0                __vector_dispatch_46
                0x00000001                ASSERT (((_vector_spacing == 0x0) || (SIZEOF (.vector_46) <= (_vector_spacing << 0x5))), function at exception vector 46 too large)

.vector_47      0x9d0007e0        0x8
 *(.vector_47)
 .vector_47     0x9d0007e0        0x8 c:/program files (x86)/microchip/xc32/v1.21/bin/../lib/gcc/pic32mx/4.5.2/../../../../pic32mx/lib\libpic32.a(vector47.o)
                0x9d0007e0                __vector_dispatch_47
                0x00000001                ASSERT (((_vector_spacing == 0x0) || (SIZEOF (.vector_47) <= (_vector_spacing << 0x5))), function at exception vector 47 too large)

.vector_48      0x9d000800        0x8
 *(.vector_48)
 .vector_48     0x9d000800        0x8 c:/program files (x86)/microchip/xc32/v1.21/bin/../lib/gcc/pic32mx/4.5.2/../../../../pic32mx/lib\libpic32.a(vector48.o)
                0x9d000800                __vector_dispatch_48
                0x00000001                ASSERT (((_vector_spacing == 0x0) || (SIZEOF (.vector_48) <= (_vector_spacing << 0x5))), function at exception vector 48 too large)

.vector_49      0x9d000820        0x8
 *(.vector_49)
 .vector_49     0x9d000820        0x8 c:/program files (x86)/microchip/xc32/v1.21/bin/../lib/gcc/pic32mx/4.5.2/../../../../pic32mx/lib\libpic32.a(vector49.o)
                0x9d000820                __vector_dispatch_49
                0x00000001                ASSERT (((_vector_spacing == 0x0) || (SIZEOF (.vector_49) <= (_vector_spacing << 0x5))), function at exception vector 49 too large)

.vector_50      0x9d000840        0x8
 *(.vector_50)
 .vector_50     0x9d000840        0x8 c:/program files (x86)/microchip/xc32/v1.21/bin/../lib/gcc/pic32mx/4.5.2/../../../../pic32mx/lib\libpic32.a(vector50.o)
                0x9d000840                __vector_dispatch_50
                0x00000001                ASSERT (((_vector_spacing == 0x0) || (SIZEOF (.vector_50) <= (_vector_spacing << 0x5))), function at exception vector 50 too large)

.vector_51      0x9d000860        0x8
 *(.vector_51)
 .vector_51     0x9d000860        0x8 c:/program files (x86)/microchip/xc32/v1.21/bin/../lib/gcc/pic32mx/4.5.2/../../../../pic32mx/lib\libpic32.a(vector51.o)
                0x9d000860                __vector_dispatch_51
                0x00000001                ASSERT (((_vector_spacing == 0x0) || (SIZEOF (.vector_51) <= (_vector_spacing << 0x5))), function at exception vector 51 too large)

.vector_52      0x9d000880        0x8
 *(.vector_52)
 .vector_52     0x9d000880        0x8 c:/program files (x86)/microchip/xc32/v1.21/bin/../lib/gcc/pic32mx/4.5.2/../../../../pic32mx/lib\libpic32.a(vector52.o)
                0x9d000880                __vector_dispatch_52
                0x00000001                ASSERT (((_vector_spacing == 0x0) || (SIZEOF (.vector_52) <= (_vector_spacing << 0x5))), function at exception vector 52 too large)

.vector_53      0x9d0008a0        0x8
 *(.vector_53)
 .vector_53     0x9d0008a0        0x8 c:/program files (x86)/microchip/xc32/v1.21/bin/../lib/gcc/pic32mx/4.5.2/../../../../pic32mx/lib\libpic32.a(vector53.o)
                0x9d0008a0                __vector_dispatch_53
                0x00000001                ASSERT (((_vector_spacing == 0x0) || (SIZEOF (.vector_53) <= (_vector_spacing << 0x5))), function at exception vector 53 too large)

.vector_54      0x9d0008c0        0x8
 *(.vector_54)
 .vector_54     0x9d0008c0        0x8 c:/program files (x86)/microchip/xc32/v1.21/bin/../lib/gcc/pic32mx/4.5.2/../../../../pic32mx/lib\libpic32.a(vector54.o)
                0x9d0008c0                __vector_dispatch_54
                0x00000001                ASSERT (((_vector_spacing == 0x0) || (SIZEOF (.vector_54) <= (_vector_spacing << 0x5))), function at exception vector 54 too large)

.vector_55      0x9d0008e0        0x8
 *(.vector_55)
 .vector_55     0x9d0008e0        0x8 c:/program files (x86)/microchip/xc32/v1.21/bin/../lib/gcc/pic32mx/4.5.2/../../../../pic32mx/lib\libpic32.a(vector55.o)
                0x9d0008e0                __vector_dispatch_55
                0x00000001                ASSERT (((_vector_spacing == 0x0) || (SIZEOF (.vector_55) <= (_vector_spacing << 0x5))), function at exception vector 55 too large)

.vector_56      0x9d000900        0x8
 *(.vector_56)
 .vector_56     0x9d000900        0x8 c:/program files (x86)/microchip/xc32/v1.21/bin/../lib/gcc/pic32mx/4.5.2/../../../../pic32mx/lib\libpic32.a(vector56.o)
                0x9d000900                __vector_dispatch_56
                0x00000001                ASSERT (((_vector_spacing == 0x0) || (SIZEOF (.vector_56) <= (_vector_spacing << 0x5))), function at exception vector 56 too large)

.vector_57      0x9d000920        0x8
 *(.vector_57)
 .vector_57     0x9d000920        0x8 c:/program files (x86)/microchip/xc32/v1.21/bin/../lib/gcc/pic32mx/4.5.2/../../../../pic32mx/lib\libpic32.a(vector57.o)
                0x9d000920                __vector_dispatch_57
                0x00000001                ASSERT (((_vector_spacing == 0x0) || (SIZEOF (.vector_57) <= (_vector_spacing << 0x5))), function at exception vector 57 too large)

.vector_58      0x9d000940        0x8
 *(.vector_58)
 .vector_58     0x9d000940        0x8 c:/program files (x86)/microchip/xc32/v1.21/bin/../lib/gcc/pic32mx/4.5.2/../../../../pic32mx/lib\libpic32.a(vector58.o)
                0x9d000940                __vector_dispatch_58
                0x00000001                ASSERT (((_vector_spacing == 0x0) || (SIZEOF (.vector_58) <= (_vector_spacing << 0x5))), function at exception vector 58 too large)

.vector_59      0x9d000960        0x8
 *(.vector_59)
 .vector_59     0x9d000960        0x8 c:/program files (x86)/microchip/xc32/v1.21/bin/../lib/gcc/pic32mx/4.5.2/../../../../pic32mx/lib\libpic32.a(vector59.o)
                0x9d000960                __vector_dispatch_59
                0x00000001                ASSERT (((_vector_spacing == 0x0) || (SIZEOF (.vector_59) <= (_vector_spacing << 0x5))), function at exception vector 59 too large)

.vector_60      0x9d000980        0x8
 *(.vector_60)
 .vector_60     0x9d000980        0x8 c:/program files (x86)/microchip/xc32/v1.21/bin/../lib/gcc/pic32mx/4.5.2/../../../../pic32mx/lib\libpic32.a(vector60.o)
                0x9d000980                __vector_dispatch_60
                0x00000001                ASSERT (((_vector_spacing == 0x0) || (SIZEOF (.vector_60) <= (_vector_spacing << 0x5))), function at exception vector 60 too large)

.vector_61      0x9d0009a0        0x8
 *(.vector_61)
 .vector_61     0x9d0009a0        0x8 c:/program files (x86)/microchip/xc32/v1.21/bin/../lib/gcc/pic32mx/4.5.2/../../../../pic32mx/lib\libpic32.a(vector61.o)
                0x9d0009a0                __vector_dispatch_61
                0x00000001                ASSERT (((_vector_spacing == 0x0) || (SIZEOF (.vector_61) <= (_vector_spacing << 0x5))), function at exception vector 61 too large)

.vector_62      0x9d0009c0        0x8
 *(.vector_62)
 .vector_62     0x9d0009c0        0x8 c:/program files (x86)/microchip/xc32/v1.21/bin/../lib/gcc/pic32mx/4.5.2/../../../../pic32mx/lib\libpic32.a(vector62.o)
                0x9d0009c0                __vector_dispatch_62
                0x00000001                ASSERT (((_vector_spacing == 0x0) || (SIZEOF (.vector_62) <= (_vector_spacing << 0x5))), function at exception vector 62 too large)

.vector_63      0x9d0009e0        0x8
 *(.vector_63)
 .vector_63     0x9d0009e0        0x8 c:/program files (x86)/microchip/xc32/v1.21/bin/../lib/gcc/pic32mx/4.5.2/../../../../pic32mx/lib\libpic32.a(vector63.o)
                0x9d0009e0                __vector_dispatch_63
                0x00000001                ASSERT (((_vector_spacing == 0x0) || (SIZEOF (.vector_63) <= (_vector_spacing << 0x5))), function at exception vector 63 too large)

.startup
 *(.startup)

.text           0x9d000a00        0x0
 *(.stub .gnu.linkonce.t.*)
 *(.text.*personality*)
 *(.mips16.fn.*)
 *(.mips16.call.*)
 *(.gnu.warning)
                0x9d000a00                . = ALIGN (0x4)

.init           0x9d000a00        0x0
 *crti.o(.init)
 *crtbegin.o(.init)
 *(EXCLUDE_FILE(*crtn.o *crtend?.o *crtend.o) .init)
 *crtend.o(.init)
 *crtn.o(.init)
                0x9d000a00                . = ALIGN (0x4)

.fini           0x9d000a00        0x0
 *(.fini)
                0x9d000a00                . = ALIGN (0x4)

.preinit_array  0x9d000a00        0x0
                0x9d000a00                PROVIDE (__preinit_array_start, .)
 *(.preinit_array)
                0x9d000a00                PROVIDE (__preinit_array_end, .)
                0x9d000a00                . = ALIGN (0x4)

.init_array     0x9d000a00        0x0
                0x9d000a00                PROVIDE (__init_array_start, .)
 *(SORT(.init_array.*))
 *(.init_array)
                0x9d000a00                PROVIDE (__init_array_end, .)
                0x9d000a00                . = ALIGN (0x4)

.fini_array     0x9d000a00        0x0
                0x9d000a00                PROVIDE (__fini_array_start, .)
 *(SORT(.fini_array.*))
 *(.fini_array)
                0x9d000a00                PROVIDE (__fini_array_end, .)
                0x9d000a00                . = ALIGN (0x4)

.ctors          0x9d000a00        0x0
 *crtbegin.o(.ctors)
 *crtbegin?.o(.ctors)
 *(EXCLUDE_FILE(*crtend?.o *crtend.o) .ctors)
 *(SORT(.ctors.*))
 *(.ctors)
                0x9d000a00                . = ALIGN (0x4)

.dtors          0x9d000a00        0x0
 *crtbegin.o(.dtors)
 *crtbegin?.o(.dtors)
 *(EXCLUDE_FILE(*crtend?.o *crtend.o) .dtors)
 *(SORT(.dtors.*))
 *(.dtors)
                0x9d000a00                . = ALIGN (0x4)

.rodata         0x9d000a00        0x0
 *(.gnu.linkonce.r.*)
 *(.rodata1)
                0x9d000a00                . = ALIGN (0x4)

.sdata2         0x9fc00490        0x0
 *(.sdata2 .sdata2.* .gnu.linkonce.s2.*)
                0x9fc00490                . = ALIGN (0x4)

.sbss2          0x9fc00490        0x0
 *(.sbss2 .sbss2.* .gnu.linkonce.sb2.*)
                0x9fc00490                . = ALIGN (0x4)

.eh_frame_hdr
 *(.eh_frame_hdr)
                0x9fc00490                . = ALIGN (0x4)

.eh_frame
 *(.eh_frame)
                0x9fc00490                . = ALIGN (0x4)

.gcc_except_table
 *(.gcc_except_table .gcc_except_table.*)
                0x9fc00490                . = ALIGN (0x4)

.dbg_data       0xa0000000      0x200
                0xa0000000                . = (. + DEFINED (_DEBUGGER)?0x200:0x0)
 *fill*         0xa0000000      0x200 00

.jcr            0xa0000200        0x0
 *(.jcr)
                0xa0000200                . = ALIGN (0x4)

.eh_frame
 *(.eh_frame)
                0xa0000200                . = ALIGN (0x4)

.gcc_except_table
 *(.gcc_except_table .gcc_except_table.*)
                0xa0000200                . = ALIGN (0x4)

.persist        0xa0000200        0x0
                0xa0000200                _persist_begin = .
 *(.persist .persist.*)
 *(.pbss .pbss.*)
                0xa0000200                . = ALIGN (0x4)
                0xa0000200                _persist_end = .

.data           0xa0000200        0x0
 *(.gnu.linkonce.d.*)
 *(.data1)
                0xa0000200                . = ALIGN (0x4)
                0xa0000200                . = .
                0xa00081f0                _gp = (ALIGN (0x10) + 0x7ff0)

.got            0xa0000200        0x0
 *(.got.plt)
 *(.got)
                0xa0000200                . = ALIGN (0x4)

.sdata          0xa0000200        0x8
                0xa0000200                _sdata_begin = .
 *(.sdata .sdata.* .gnu.linkonce.s.*)
 .sdata         0xa0000200        0x8 build/default/debug/_ext/1472/pcf8563.o
                0xa0000200                number_time
                0xa0000208                . = ALIGN (0x4)
                0xa0000208                _sdata_end = .

.lit8
 *(.lit8)

.lit4
 *(.lit4)
                0xa0000208                . = ALIGN (0x4)
                0xa0000208                _data_end = .
                0xa0000208                _bss_begin = .

.sbss           0xa0000208       0xb8
                0xa0000208                _sbss_begin = .
 *(.dynsbss)
 *(.sbss .sbss.* .gnu.linkonce.sb.*)
 .sbss          0xa0000208       0x94 build/default/debug/_ext/1472/Initial.o
                0xa0000208                rxphase
                0xa000020a                txphase
                0xa000020c                txphase_Repeat
                0xa000020d                Syn_count
                0xa0000210                DATA_Packet_Syn
                0xa0000214                DATA_Packet_Head
                0xa0000216                DATA_Packet_Code_g
                0xa0000217                DATA_Packet_Code_i
                0xa0000218                DATA_Packet_ID
                0xa000021c                DATA_Packet_Control
                0xa0000220                DATA_Packet_ID_buf
                0xa0000224                DATA_Packet_Control_buf
                0xa0000225                DATA_Packet_Control_0
                0xa0000226                DATA_Packet_Control_err
                0xa0000227                Control_bak
                0xa0000228                TIMER1s
                0xa000022a                TIMER300ms
                0xa000022c                TIMER18ms
                0xa000022e                TIMER250ms_STOP
                0xa0000230                TIMER60s
                0xa0000232                HA_Status
                0xa0000233                Emial_Control
                0xa0000234                Emial_ID
                0xa0000238                Freq_Scanning_CH
                0xa0000239                Freq_Scanning_CH_bak
                0xa000023a                Freq_Scanning_CH_save
                0xa000023b                Control_code
                0xa000023c                ID_INT_CODE
                0xa000023e                UART_DATA_i
                0xa0000240                UART_DATA_cnt
                0xa0000242                TIME_UART
                0xa0000243                UART_send_count
                0xa0000244                TIME_email_Repeat
                0xa0000246                TIME_10ms
                0xa0000247                COUNT_Receiver_Login
                0xa0000248                TIME_Receiver_Login
                0xa000024a                TIME_Receiver_Login_led
                0xa000024c                TIME_Receiver_Login_restrict
                0xa000024e                TIME_Login_EXIT_rest
                0xa0000250                ID_Receiver_Login
                0xa0000254                ID_DATA_PCS
                0xa0000256                INquiry
                0xa0000258                rssi_COUNT
                0xa0000259                rssi_TIME
                0xa000025a                TX_Freq_CH
                0xa000025b                FLAG_APP_TX
                0xa000025c                FLAG_APP_RX
                0xa000025d                FLAG_SendTxData
                0xa000025e                FLAG_UART_R
                0xa000025f                FLAG_UART_0xBB
                0xa0000260                FLAG_UART_ok
                0xa0000261                FLAG_ADF7021_ReInitial
                0xa0000262                FLAG_IDCheck_OK
                0xa0000264                time_3sec
                0xa0000266                FLAG_all_Erase_time
                0xa0000268                TIME_EMC
                0xa0000269                read_TIMER_Semi_open
                0xa000026a                Tx_Rx_mode
                0xa000026c                X_COUNT
                0xa000026e                X_ERR
                0xa0000270                X_HIS
                0xa0000272                TIME_Fine_Calibration
                0xa0000274                TIMER_err_1s
                0xa0000276                TIMER_Sensor_open_1s
                0xa0000278                TIMER_Sensor_close_1s
                0xa000027a                FLAG_open_Sensor
                0xa000027b                FLAG_close_Sensor
                0xa000027c                FLAG_HA_ERR_Sensor
                0xa000027d                FLAG_HA_ERR_bit
                0xa000027e                FLAG__Semi_open_T
                0xa000027f                FLAG__Semi_close_T
                0xa0000280                TIME_auto_out
                0xa0000282                TIME_auto_close
                0xa0000284                FG_auto_out
                0xa0000285                HA_Status_buf
                0xa0000286                DIP_switch_data_bak
                0xa0000287                DIP_switch_data
                0xa0000288                FLAG_DIP_switch
                0xa0000289                TIME_DIP_switch
                0xa000028a                FLAG_POER_on
                0xa000028b                FG_OUT_OPEN_CLOSE
                0xa000028c                TIME_OUT_OPEN_CLOSE
                0xa000028e                TIME_Login_EXIT_Button
                0xa0000290                TIME_Receiver_LED_OUT
                0xa0000292                time_Login_exit_256
                0xa0000294                Manual_override_TIMER
                0xa0000296                FG_auto_manual_mode
                0xa0000297                FG_First_auto
                0xa0000298                FG_auto_open_time
 .sbss          0xa000029c        0x1 build/default/debug/_ext/1472/EEPROM.o
                0xa000029c                ack
 *(.scommon)
 *fill*         0xa000029d        0x3 00
 .scommon       0xa00002a0       0x1e build/default/debug/_ext/1472/Initial.o
                0xa00002a0                Frequency_CH
                0xa00002a4                FLAG_APP
                0xa00002a8                TIMER_Semi_close
                0xa00002ac                FLAG_test
                0xa00002b0                rssi
                0xa00002b4                FLAG_PORT
                0xa00002b8                ID_data
                0xa00002bc                TIMER_Semi_open
                0xa00002be                _sbss_end = .
                0xa00002c0                . = ALIGN (0x4)
 *fill*         0xa00002be        0x2 00

.bss            0xa00002c0       0x24
 *(.dynbss)
 *(COMMON)
 COMMON         0xa00002c0       0x23 build/default/debug/_ext/1472/Initial.o
                0xa00002c0                m_RFNormalBuf
                0xa00002e4                . = ALIGN ((. != 0x0)?0x4:0x1)
 *fill*         0xa00002e3        0x1 00
                0xa00002e4                . = ALIGN (0x4)
                0xa00002e4                _end = .
                0xa00002e4                _bss_end = .
                0x00002000                _bmxdudba_address = 0x2000
                0x00002000                _bmxdupba_address = 0x2000

/DISCARD/
 *(.pdr)
 *(.rel.dyn)
 *(.note.GNU-stack)
 *(.note.GNU-stack)
 *(.gnu_debuglink)
 *(.gnu.lto_*)
 *(.discard)

.gptab.sdata
 *(.gptab.data)
 *(.gptab.sdata)

.gptab.sbss
 *(.gptab.bss)
 *(.gptab.sbss)

.mdebug.abi32   0xa00002e4        0x0
 *(.mdebug.abi32)
 .mdebug.abi32  0xa00002e4        0x0 build/default/debug/_ext/1472/main.o
 .mdebug.abi32  0xa00002e4        0x0 build/default/debug/_ext/1472/ID_Decode.o
 .mdebug.abi32  0xa00002e4        0x0 build/default/debug/_ext/1472/Initial.o
 .mdebug.abi32  0xa00002e4        0x0 build/default/debug/_ext/1472/Timers.o
 .mdebug.abi32  0xa00002e4        0x0 build/default/debug/_ext/1472/adf7021.o
 .mdebug.abi32  0xa00002e4        0x0 build/default/debug/_ext/1472/Uart.o
 .mdebug.abi32  0xa00002e4        0x0 build/default/debug/_ext/1472/EEPROM.o
 .mdebug.abi32  0xa00002e4        0x0 build/default/debug/_ext/1472/pcf8563.o
 .mdebug.abi32  0xa00002e4        0x0 c:/program files (x86)/microchip/xc32/v1.21/bin/../lib/gcc/pic32mx/4.5.2/../../../../pic32mx/lib\libmchp_peripheral.a(update_core_timer_lib.o)
 .mdebug.abi32  0xa00002e4        0x0 c:/program files (x86)/microchip/xc32/v1.21/bin/../lib/gcc/pic32mx/4.5.2/../../../../pic32mx/lib\libmchp_peripheral_32MX220F032D.a(int_disable_interrupts_lib.o)
 .mdebug.abi32  0xa00002e4        0x0 c:/program files (x86)/microchip/xc32/v1.21/bin/../lib/gcc/pic32mx/4.5.2/../../../../pic32mx/lib\libmchp_peripheral_32MX220F032D.a(int_restore_interrupts_lib.o)
 .mdebug.abi32  0xa00002e4        0x0 c:/program files (x86)/microchip/xc32/v1.21/bin/../lib/gcc/pic32mx/4.5.2/../../../../pic32mx/lib\libmchp_peripheral_32MX220F032D.a(int_enable_mv_int_lib.o)
 .mdebug.abi32  0xa00002e4        0x0 c:/program files (x86)/microchip/xc32/v1.21/bin/../lib/gcc/pic32mx/4.5.2/../../../../pic32mx/lib\libmchp_peripheral_32MX220F032D.a(uart_lib.o)
 .mdebug.abi32  0xa00002e4        0x0 c:/program files (x86)/microchip/xc32/v1.21/bin/../lib/gcc/pic32mx/4.5.2/../../../../pic32mx/lib\libmchp_peripheral_32MX220F032D.a(int_enable_interrupts_lib.o)
 .mdebug.abi32  0xa00002e4        0x0 c:/program files (x86)/microchip/xc32/v1.21/bin/../lib/gcc/pic32mx/4.5.2/../../../../pic32mx/lib\libpic32.a(default-bootstrap-exception-handler.o)
 .mdebug.abi32  0xa00002e4        0x0 c:/program files (x86)/microchip/xc32/v1.21/bin/../lib/gcc/pic32mx/4.5.2/../../../../pic32mx/lib\libpic32.a(default-on-reset.o)
 .mdebug.abi32  0xa00002e4        0x0 c:/program files (x86)/microchip/xc32/v1.21/bin/../lib/gcc/pic32mx/4.5.2/../../../../pic32mx/lib\libpic32.a(default-on-bootstrap.o)
 .mdebug.abi32  0xa00002e4        0x0 c:/program files (x86)/microchip/xc32/v1.21/bin/../lib/gcc/pic32mx/4.5.2/../../../../pic32mx/lib\libpic32.a(default-general-exception-handler.o)
 .mdebug.abi32  0xa00002e4        0x0 c:/program files (x86)/microchip/xc32/v1.21/bin/../lib/gcc/pic32mx/4.5.2/../../../../pic32mx/lib\libpic32.a(defaultinterrupt.o)

.mdebug.abiN32
 *(.mdebug.abiN32)

.mdebug.abi64
 *(.mdebug.abi64)

.mdebug.abiO64
 *(.mdebug.abiO64)

.mdebug.eabi32
 *(.mdebug.eabi32)

.mdebug.eabi64
 *(.mdebug.eabi64)

.gcc_compiled_long32
 *(.gcc_compiled_long32)

.gcc_compiled_long64
 *(.gcc_compiled_long64)

.stab
 *(.stab)

.stabstr
 *(.stabstr)

.stab.excl
 *(.stab.excl)

.stab.exclstr
 *(.stab.exclstr)

.stab.index
 *(.stab.index)

.stab.indexstr
 *(.stab.indexstr)

.comment        0x00000000       0x90
 *(.comment)
 .comment       0x00000000       0x3c build/default/debug/_ext/1472/main.o
                                 0x3d (size before relaxing)
 .comment       0x00000000       0x3d build/default/debug/_ext/1472/ID_Decode.o
 .comment       0x00000000       0x3d build/default/debug/_ext/1472/Initial.o
 .comment       0x00000000       0x3d build/default/debug/_ext/1472/Timers.o
 .comment       0x00000000       0x3d build/default/debug/_ext/1472/adf7021.o
 .comment       0x00000000       0x3d build/default/debug/_ext/1472/Uart.o
 .comment       0x00000000       0x3d build/default/debug/_ext/1472/EEPROM.o
 .comment       0x00000000       0x3d build/default/debug/_ext/1472/pcf8563.o
 .comment       0x0000003c       0x3c c:/program files (x86)/microchip/xc32/v1.21/bin/../lib/gcc/pic32mx/4.5.2/../../../../pic32mx/lib\libmchp_peripheral.a(update_core_timer_lib.o)
                                 0x3d (size before relaxing)
 .comment       0x00000000       0x3d c:/program files (x86)/microchip/xc32/v1.21/bin/../lib/gcc/pic32mx/4.5.2/../../../../pic32mx/lib\libmchp_peripheral_32MX220F032D.a(int_disable_interrupts_lib.o)
 .comment       0x00000000       0x3d c:/program files (x86)/microchip/xc32/v1.21/bin/../lib/gcc/pic32mx/4.5.2/../../../../pic32mx/lib\libmchp_peripheral_32MX220F032D.a(int_restore_interrupts_lib.o)
 .comment       0x00000000       0x3d c:/program files (x86)/microchip/xc32/v1.21/bin/../lib/gcc/pic32mx/4.5.2/../../../../pic32mx/lib\libmchp_peripheral_32MX220F032D.a(int_enable_mv_int_lib.o)
 .comment       0x00000000       0x3d c:/program files (x86)/microchip/xc32/v1.21/bin/../lib/gcc/pic32mx/4.5.2/../../../../pic32mx/lib\libmchp_peripheral_32MX220F032D.a(uart_lib.o)
 .comment       0x00000000       0x3d c:/program files (x86)/microchip/xc32/v1.21/bin/../lib/gcc/pic32mx/4.5.2/../../../../pic32mx/lib\libmchp_peripheral_32MX220F032D.a(int_enable_interrupts_lib.o)
 .comment       0x00000078       0x18 c:/program files (x86)/microchip/xc32/v1.21/bin/../lib/gcc/pic32mx/4.5.2/../../../../pic32mx/lib\libpic32.a(memset.o)
                                 0x19 (size before relaxing)
 .comment       0x00000000       0x3d c:/program files (x86)/microchip/xc32/v1.21/bin/../lib/gcc/pic32mx/4.5.2/../../../../pic32mx/lib\libpic32.a(default-bootstrap-exception-handler.o)
 .comment       0x00000000       0x3d c:/program files (x86)/microchip/xc32/v1.21/bin/../lib/gcc/pic32mx/4.5.2/../../../../pic32mx/lib\libpic32.a(default-on-reset.o)
 .comment       0x00000000       0x3d c:/program files (x86)/microchip/xc32/v1.21/bin/../lib/gcc/pic32mx/4.5.2/../../../../pic32mx/lib\libpic32.a(default-on-bootstrap.o)
 .comment       0x00000000       0x3d c:/program files (x86)/microchip/xc32/v1.21/bin/../lib/gcc/pic32mx/4.5.2/../../../../pic32mx/lib\libpic32.a(default-general-exception-handler.o)
 .comment       0x00000000       0x3d c:/program files (x86)/microchip/xc32/v1.21/bin/../lib/gcc/pic32mx/4.5.2/../../../../pic32mx/lib\libpic32.a(defaultinterrupt.o)

.debug
 *(.debug)

.line
 *(.line)

.debug_srcinfo
 *(.debug_srcinfo)

.debug_sfnames
 *(.debug_sfnames)

.debug_aranges  0x00000000      0x298
 *(.debug_aranges)
 .debug_aranges
                0x00000000       0x20 build/default/debug/_ext/1472/main.o
 .debug_aranges
                0x00000020       0x20 build/default/debug/_ext/1472/ID_Decode.o
 .debug_aranges
                0x00000040       0x20 build/default/debug/_ext/1472/Initial.o
 .debug_aranges
                0x00000060       0x20 build/default/debug/_ext/1472/Timers.o
 .debug_aranges
                0x00000080       0x20 build/default/debug/_ext/1472/adf7021.o
 .debug_aranges
                0x000000a0       0x20 build/default/debug/_ext/1472/Uart.o
 .debug_aranges
                0x000000c0       0x20 build/default/debug/_ext/1472/EEPROM.o
 .debug_aranges
                0x000000e0       0x20 build/default/debug/_ext/1472/pcf8563.o
 .debug_aranges
                0x00000100       0x20 c:/program files (x86)/microchip/xc32/v1.21/bin/../lib/gcc/pic32mx/4.5.2/../../../../pic32mx/lib\libmchp_peripheral.a(update_core_timer_lib.o)
 .debug_aranges
                0x00000120       0x20 c:/program files (x86)/microchip/xc32/v1.21/bin/../lib/gcc/pic32mx/4.5.2/../../../../pic32mx/lib\libmchp_peripheral_32MX220F032D.a(int_disable_interrupts_lib.o)
 .debug_aranges
                0x00000140       0x20 c:/program files (x86)/microchip/xc32/v1.21/bin/../lib/gcc/pic32mx/4.5.2/../../../../pic32mx/lib\libmchp_peripheral_32MX220F032D.a(int_restore_interrupts_lib.o)
 .debug_aranges
                0x00000160       0x20 c:/program files (x86)/microchip/xc32/v1.21/bin/../lib/gcc/pic32mx/4.5.2/../../../../pic32mx/lib\libmchp_peripheral_32MX220F032D.a(int_enable_mv_int_lib.o)
 .debug_aranges
                0x00000180       0x58 c:/program files (x86)/microchip/xc32/v1.21/bin/../lib/gcc/pic32mx/4.5.2/../../../../pic32mx/lib\libmchp_peripheral_32MX220F032D.a(uart_lib.o)
 .debug_aranges
                0x000001d8       0x20 c:/program files (x86)/microchip/xc32/v1.21/bin/../lib/gcc/pic32mx/4.5.2/../../../../pic32mx/lib\libmchp_peripheral_32MX220F032D.a(int_enable_interrupts_lib.o)
 .debug_aranges
                0x000001f8       0x20 c:/program files (x86)/microchip/xc32/v1.21/bin/../lib/gcc/pic32mx/4.5.2/../../../../pic32mx/lib\libpic32.a(default-bootstrap-exception-handler.o)
 .debug_aranges
                0x00000218       0x20 c:/program files (x86)/microchip/xc32/v1.21/bin/../lib/gcc/pic32mx/4.5.2/../../../../pic32mx/lib\libpic32.a(default-on-reset.o)
 .debug_aranges
                0x00000238       0x20 c:/program files (x86)/microchip/xc32/v1.21/bin/../lib/gcc/pic32mx/4.5.2/../../../../pic32mx/lib\libpic32.a(default-on-bootstrap.o)
 .debug_aranges
                0x00000258       0x20 c:/program files (x86)/microchip/xc32/v1.21/bin/../lib/gcc/pic32mx/4.5.2/../../../../pic32mx/lib\libpic32.a(default-general-exception-handler.o)
 .debug_aranges
                0x00000278       0x20 c:/program files (x86)/microchip/xc32/v1.21/bin/../lib/gcc/pic32mx/4.5.2/../../../../pic32mx/lib\libpic32.a(defaultinterrupt.o)

.debug_pubnames
                0x00000000     0x10a6
 *(.debug_pubnames)
 .debug_pubnames
                0x00000000       0x30 build/default/debug/_ext/1472/main.o
 .debug_pubnames
                0x00000030      0x114 build/default/debug/_ext/1472/ID_Decode.o
 .debug_pubnames
                0x00000144      0x832 build/default/debug/_ext/1472/Initial.o
 .debug_pubnames
                0x00000976       0x34 build/default/debug/_ext/1472/Timers.o
 .debug_pubnames
                0x000009aa      0x172 build/default/debug/_ext/1472/adf7021.o
 .debug_pubnames
                0x00000b1c      0x134 build/default/debug/_ext/1472/Uart.o
 .debug_pubnames
                0x00000c50      0x156 build/default/debug/_ext/1472/EEPROM.o
 .debug_pubnames
                0x00000da6       0xa3 build/default/debug/_ext/1472/pcf8563.o
 .debug_pubnames
                0x00000e49       0x26 c:/program files (x86)/microchip/xc32/v1.21/bin/../lib/gcc/pic32mx/4.5.2/../../../../pic32mx/lib\libmchp_peripheral.a(update_core_timer_lib.o)
 .debug_pubnames
                0x00000e6f       0x2b c:/program files (x86)/microchip/xc32/v1.21/bin/../lib/gcc/pic32mx/4.5.2/../../../../pic32mx/lib\libmchp_peripheral_32MX220F032D.a(int_disable_interrupts_lib.o)
 .debug_pubnames
                0x00000e9a       0x2b c:/program files (x86)/microchip/xc32/v1.21/bin/../lib/gcc/pic32mx/4.5.2/../../../../pic32mx/lib\libmchp_peripheral_32MX220F032D.a(int_restore_interrupts_lib.o)
 .debug_pubnames
                0x00000ec5       0x36 c:/program files (x86)/microchip/xc32/v1.21/bin/../lib/gcc/pic32mx/4.5.2/../../../../pic32mx/lib\libmchp_peripheral_32MX220F032D.a(int_enable_mv_int_lib.o)
 .debug_pubnames
                0x00000efb       0xb1 c:/program files (x86)/microchip/xc32/v1.21/bin/../lib/gcc/pic32mx/4.5.2/../../../../pic32mx/lib\libmchp_peripheral_32MX220F032D.a(uart_lib.o)
 .debug_pubnames
                0x00000fac       0x2a c:/program files (x86)/microchip/xc32/v1.21/bin/../lib/gcc/pic32mx/4.5.2/../../../../pic32mx/lib\libmchp_peripheral_32MX220F032D.a(int_enable_interrupts_lib.o)
 .debug_pubnames
                0x00000fd6       0x33 c:/program files (x86)/microchip/xc32/v1.21/bin/../lib/gcc/pic32mx/4.5.2/../../../../pic32mx/lib\libpic32.a(default-bootstrap-exception-handler.o)
 .debug_pubnames
                0x00001009       0x20 c:/program files (x86)/microchip/xc32/v1.21/bin/../lib/gcc/pic32mx/4.5.2/../../../../pic32mx/lib\libpic32.a(default-on-reset.o)
 .debug_pubnames
                0x00001029       0x24 c:/program files (x86)/microchip/xc32/v1.21/bin/../lib/gcc/pic32mx/4.5.2/../../../../pic32mx/lib\libpic32.a(default-on-bootstrap.o)
 .debug_pubnames
                0x0000104d       0x31 c:/program files (x86)/microchip/xc32/v1.21/bin/../lib/gcc/pic32mx/4.5.2/../../../../pic32mx/lib\libpic32.a(default-general-exception-handler.o)
 .debug_pubnames
                0x0000107e       0x28 c:/program files (x86)/microchip/xc32/v1.21/bin/../lib/gcc/pic32mx/4.5.2/../../../../pic32mx/lib\libpic32.a(defaultinterrupt.o)

.debug_info     0x00000000    0x10229
 *(.debug_info .gnu.linkonce.wi.*)
 .debug_info    0x00000000     0x15dc build/default/debug/_ext/1472/main.o
 .debug_info    0x000015dc     0x2c16 build/default/debug/_ext/1472/ID_Decode.o
 .debug_info    0x000041f2     0x2bd0 build/default/debug/_ext/1472/Initial.o
 .debug_info    0x00006dc2     0x1b3f build/default/debug/_ext/1472/Timers.o
 .debug_info    0x00008901     0x212f build/default/debug/_ext/1472/adf7021.o
 .debug_info    0x0000aa30     0x1f55 build/default/debug/_ext/1472/Uart.o
 .debug_info    0x0000c985     0x1e99 build/default/debug/_ext/1472/EEPROM.o
 .debug_info    0x0000e81e     0x10d8 build/default/debug/_ext/1472/pcf8563.o
 .debug_info    0x0000f8f6       0xae c:/program files (x86)/microchip/xc32/v1.21/bin/../lib/gcc/pic32mx/4.5.2/../../../../pic32mx/lib\libmchp_peripheral.a(update_core_timer_lib.o)
 .debug_info    0x0000f9a4       0xb6 c:/program files (x86)/microchip/xc32/v1.21/bin/../lib/gcc/pic32mx/4.5.2/../../../../pic32mx/lib\libmchp_peripheral_32MX220F032D.a(int_disable_interrupts_lib.o)
 .debug_info    0x0000fa5a       0xb6 c:/program files (x86)/microchip/xc32/v1.21/bin/../lib/gcc/pic32mx/4.5.2/../../../../pic32mx/lib\libmchp_peripheral_32MX220F032D.a(int_restore_interrupts_lib.o)
 .debug_info    0x0000fb10       0xbc c:/program files (x86)/microchip/xc32/v1.21/bin/../lib/gcc/pic32mx/4.5.2/../../../../pic32mx/lib\libmchp_peripheral_32MX220F032D.a(int_enable_mv_int_lib.o)
 .debug_info    0x0000fbcc      0x175 c:/program files (x86)/microchip/xc32/v1.21/bin/../lib/gcc/pic32mx/4.5.2/../../../../pic32mx/lib\libmchp_peripheral_32MX220F032D.a(uart_lib.o)
 .debug_info    0x0000fd41       0xb4 c:/program files (x86)/microchip/xc32/v1.21/bin/../lib/gcc/pic32mx/4.5.2/../../../../pic32mx/lib\libmchp_peripheral_32MX220F032D.a(int_enable_interrupts_lib.o)
 .debug_info    0x0000fdf5       0xe8 c:/program files (x86)/microchip/xc32/v1.21/bin/../lib/gcc/pic32mx/4.5.2/../../../../pic32mx/lib\libpic32.a(default-bootstrap-exception-handler.o)
 .debug_info    0x0000fedd       0xc2 c:/program files (x86)/microchip/xc32/v1.21/bin/../lib/gcc/pic32mx/4.5.2/../../../../pic32mx/lib\libpic32.a(default-on-reset.o)
 .debug_info    0x0000ff9f       0xca c:/program files (x86)/microchip/xc32/v1.21/bin/../lib/gcc/pic32mx/4.5.2/../../../../pic32mx/lib\libpic32.a(default-on-bootstrap.o)
 .debug_info    0x00010069       0xe4 c:/program files (x86)/microchip/xc32/v1.21/bin/../lib/gcc/pic32mx/4.5.2/../../../../pic32mx/lib\libpic32.a(default-general-exception-handler.o)
 .debug_info    0x0001014d       0xdc c:/program files (x86)/microchip/xc32/v1.21/bin/../lib/gcc/pic32mx/4.5.2/../../../../pic32mx/lib\libpic32.a(defaultinterrupt.o)

.debug_abbrev   0x00000000     0x1393
 *(.debug_abbrev)
 .debug_abbrev  0x00000000      0x2e5 build/default/debug/_ext/1472/main.o
 .debug_abbrev  0x000002e5      0x271 build/default/debug/_ext/1472/ID_Decode.o
 .debug_abbrev  0x00000556      0x256 build/default/debug/_ext/1472/Initial.o
 .debug_abbrev  0x000007ac      0x188 build/default/debug/_ext/1472/Timers.o
 .debug_abbrev  0x00000934      0x25f build/default/debug/_ext/1472/adf7021.o
 .debug_abbrev  0x00000b93      0x22a build/default/debug/_ext/1472/Uart.o
 .debug_abbrev  0x00000dbd      0x277 build/default/debug/_ext/1472/EEPROM.o
 .debug_abbrev  0x00001034      0x1b5 build/default/debug/_ext/1472/pcf8563.o
 .debug_abbrev  0x000011e9       0x25 c:/program files (x86)/microchip/xc32/v1.21/bin/../lib/gcc/pic32mx/4.5.2/../../../../pic32mx/lib\libmchp_peripheral.a(update_core_timer_lib.o)
 .debug_abbrev  0x0000120e       0x25 c:/program files (x86)/microchip/xc32/v1.21/bin/../lib/gcc/pic32mx/4.5.2/../../../../pic32mx/lib\libmchp_peripheral_32MX220F032D.a(int_disable_interrupts_lib.o)
 .debug_abbrev  0x00001233       0x25 c:/program files (x86)/microchip/xc32/v1.21/bin/../lib/gcc/pic32mx/4.5.2/../../../../pic32mx/lib\libmchp_peripheral_32MX220F032D.a(int_restore_interrupts_lib.o)
 .debug_abbrev  0x00001258       0x25 c:/program files (x86)/microchip/xc32/v1.21/bin/../lib/gcc/pic32mx/4.5.2/../../../../pic32mx/lib\libmchp_peripheral_32MX220F032D.a(int_enable_mv_int_lib.o)
 .debug_abbrev  0x0000127d       0x38 c:/program files (x86)/microchip/xc32/v1.21/bin/../lib/gcc/pic32mx/4.5.2/../../../../pic32mx/lib\libmchp_peripheral_32MX220F032D.a(uart_lib.o)
 .debug_abbrev  0x000012b5       0x25 c:/program files (x86)/microchip/xc32/v1.21/bin/../lib/gcc/pic32mx/4.5.2/../../../../pic32mx/lib\libmchp_peripheral_32MX220F032D.a(int_enable_interrupts_lib.o)
 .debug_abbrev  0x000012da       0x25 c:/program files (x86)/microchip/xc32/v1.21/bin/../lib/gcc/pic32mx/4.5.2/../../../../pic32mx/lib\libpic32.a(default-bootstrap-exception-handler.o)
 .debug_abbrev  0x000012ff       0x25 c:/program files (x86)/microchip/xc32/v1.21/bin/../lib/gcc/pic32mx/4.5.2/../../../../pic32mx/lib\libpic32.a(default-on-reset.o)
 .debug_abbrev  0x00001324       0x25 c:/program files (x86)/microchip/xc32/v1.21/bin/../lib/gcc/pic32mx/4.5.2/../../../../pic32mx/lib\libpic32.a(default-on-bootstrap.o)
 .debug_abbrev  0x00001349       0x25 c:/program files (x86)/microchip/xc32/v1.21/bin/../lib/gcc/pic32mx/4.5.2/../../../../pic32mx/lib\libpic32.a(default-general-exception-handler.o)
 .debug_abbrev  0x0000136e       0x25 c:/program files (x86)/microchip/xc32/v1.21/bin/../lib/gcc/pic32mx/4.5.2/../../../../pic32mx/lib\libpic32.a(defaultinterrupt.o)

.debug_line     0x00000000     0x1b84
 *(.debug_line)
 .debug_line    0x00000000      0x265 build/default/debug/_ext/1472/main.o
 .debug_line    0x00000265      0x499 build/default/debug/_ext/1472/ID_Decode.o
 .debug_line    0x000006fe      0x292 build/default/debug/_ext/1472/Initial.o
 .debug_line    0x00000990      0x1de build/default/debug/_ext/1472/Timers.o
 .debug_line    0x00000b6e      0x335 build/default/debug/_ext/1472/adf7021.o
 .debug_line    0x00000ea3      0x221 build/default/debug/_ext/1472/Uart.o
 .debug_line    0x000010c4      0x363 build/default/debug/_ext/1472/EEPROM.o
 .debug_line    0x00001427      0x1d9 build/default/debug/_ext/1472/pcf8563.o
 .debug_line    0x00001600       0x70 c:/program files (x86)/microchip/xc32/v1.21/bin/../lib/gcc/pic32mx/4.5.2/../../../../pic32mx/lib\libmchp_peripheral.a(update_core_timer_lib.o)
 .debug_line    0x00001670       0x73 c:/program files (x86)/microchip/xc32/v1.21/bin/../lib/gcc/pic32mx/4.5.2/../../../../pic32mx/lib\libmchp_peripheral_32MX220F032D.a(int_disable_interrupts_lib.o)
 .debug_line    0x000016e3       0x73 c:/program files (x86)/microchip/xc32/v1.21/bin/../lib/gcc/pic32mx/4.5.2/../../../../pic32mx/lib\libmchp_peripheral_32MX220F032D.a(int_restore_interrupts_lib.o)
 .debug_line    0x00001756       0x6e c:/program files (x86)/microchip/xc32/v1.21/bin/../lib/gcc/pic32mx/4.5.2/../../../../pic32mx/lib\libmchp_peripheral_32MX220F032D.a(int_enable_mv_int_lib.o)
 .debug_line    0x000017c4       0x62 c:/program files (x86)/microchip/xc32/v1.21/bin/../lib/gcc/pic32mx/4.5.2/../../../../pic32mx/lib\libmchp_peripheral_32MX220F032D.a(uart_lib.o)
 .debug_line    0x00001826       0x72 c:/program files (x86)/microchip/xc32/v1.21/bin/../lib/gcc/pic32mx/4.5.2/../../../../pic32mx/lib\libmchp_peripheral_32MX220F032D.a(int_enable_interrupts_lib.o)
 .debug_line    0x00001898       0x9d c:/program files (x86)/microchip/xc32/v1.21/bin/../lib/gcc/pic32mx/4.5.2/../../../../pic32mx/lib\libpic32.a(default-bootstrap-exception-handler.o)
 .debug_line    0x00001935       0x8a c:/program files (x86)/microchip/xc32/v1.21/bin/../lib/gcc/pic32mx/4.5.2/../../../../pic32mx/lib\libpic32.a(default-on-reset.o)
 .debug_line    0x000019bf       0x8e c:/program files (x86)/microchip/xc32/v1.21/bin/../lib/gcc/pic32mx/4.5.2/../../../../pic32mx/lib\libpic32.a(default-on-bootstrap.o)
 .debug_line    0x00001a4d       0x9b c:/program files (x86)/microchip/xc32/v1.21/bin/../lib/gcc/pic32mx/4.5.2/../../../../pic32mx/lib\libpic32.a(default-general-exception-handler.o)
 .debug_line    0x00001ae8       0x9c c:/program files (x86)/microchip/xc32/v1.21/bin/../lib/gcc/pic32mx/4.5.2/../../../../pic32mx/lib\libpic32.a(defaultinterrupt.o)

.debug_frame    0x00000000      0xaac
 *(.debug_frame)
 .debug_frame   0x00000000       0x70 build/default/debug/_ext/1472/main.o
 .debug_frame   0x00000070      0x1a4 build/default/debug/_ext/1472/ID_Decode.o
 .debug_frame   0x00000214       0x80 build/default/debug/_ext/1472/Initial.o
 .debug_frame   0x00000294       0x4c build/default/debug/_ext/1472/Timers.o
 .debug_frame   0x000002e0      0x198 build/default/debug/_ext/1472/adf7021.o
 .debug_frame   0x00000478      0x180 build/default/debug/_ext/1472/Uart.o
 .debug_frame   0x000005f8      0x208 build/default/debug/_ext/1472/EEPROM.o
 .debug_frame   0x00000800       0xd4 build/default/debug/_ext/1472/pcf8563.o
 .debug_frame   0x000008d4       0x20 c:/program files (x86)/microchip/xc32/v1.21/bin/../lib/gcc/pic32mx/4.5.2/../../../../pic32mx/lib\libmchp_peripheral.a(update_core_timer_lib.o)
 .debug_frame   0x000008f4       0x20 c:/program files (x86)/microchip/xc32/v1.21/bin/../lib/gcc/pic32mx/4.5.2/../../../../pic32mx/lib\libmchp_peripheral_32MX220F032D.a(int_disable_interrupts_lib.o)
 .debug_frame   0x00000914       0x20 c:/program files (x86)/microchip/xc32/v1.21/bin/../lib/gcc/pic32mx/4.5.2/../../../../pic32mx/lib\libmchp_peripheral_32MX220F032D.a(int_restore_interrupts_lib.o)
 .debug_frame   0x00000934       0x28 c:/program files (x86)/microchip/xc32/v1.21/bin/../lib/gcc/pic32mx/4.5.2/../../../../pic32mx/lib\libmchp_peripheral_32MX220F032D.a(int_enable_mv_int_lib.o)
 .debug_frame   0x0000095c       0x90 c:/program files (x86)/microchip/xc32/v1.21/bin/../lib/gcc/pic32mx/4.5.2/../../../../pic32mx/lib\libmchp_peripheral_32MX220F032D.a(uart_lib.o)
 .debug_frame   0x000009ec       0x20 c:/program files (x86)/microchip/xc32/v1.21/bin/../lib/gcc/pic32mx/4.5.2/../../../../pic32mx/lib\libmchp_peripheral_32MX220F032D.a(int_enable_interrupts_lib.o)
 .debug_frame   0x00000a0c       0x20 c:/program files (x86)/microchip/xc32/v1.21/bin/../lib/gcc/pic32mx/4.5.2/../../../../pic32mx/lib\libpic32.a(default-bootstrap-exception-handler.o)
 .debug_frame   0x00000a2c       0x20 c:/program files (x86)/microchip/xc32/v1.21/bin/../lib/gcc/pic32mx/4.5.2/../../../../pic32mx/lib\libpic32.a(default-on-reset.o)
 .debug_frame   0x00000a4c       0x20 c:/program files (x86)/microchip/xc32/v1.21/bin/../lib/gcc/pic32mx/4.5.2/../../../../pic32mx/lib\libpic32.a(default-on-bootstrap.o)
 .debug_frame   0x00000a6c       0x20 c:/program files (x86)/microchip/xc32/v1.21/bin/../lib/gcc/pic32mx/4.5.2/../../../../pic32mx/lib\libpic32.a(default-general-exception-handler.o)
 .debug_frame   0x00000a8c       0x20 c:/program files (x86)/microchip/xc32/v1.21/bin/../lib/gcc/pic32mx/4.5.2/../../../../pic32mx/lib\libpic32.a(defaultinterrupt.o)

.debug_str      0x00000000     0x10ee
 *(.debug_str)
 .debug_str     0x00000000      0x11e build/default/debug/_ext/1472/main.o
 .debug_str     0x0000011e      0x488 build/default/debug/_ext/1472/ID_Decode.o
 .debug_str     0x000005a6      0x1cf build/default/debug/_ext/1472/Initial.o
 .debug_str     0x00000775      0x13f build/default/debug/_ext/1472/Timers.o
 .debug_str     0x000008b4      0x2ea build/default/debug/_ext/1472/adf7021.o
 .debug_str     0x00000b9e      0x127 build/default/debug/_ext/1472/Uart.o
 .debug_str     0x00000cc5      0x336 build/default/debug/_ext/1472/EEPROM.o
 .debug_str     0x00000ffb       0xf3 build/default/debug/_ext/1472/pcf8563.o
 .debug_str     0x000010ee        0x0 c:/program files (x86)/microchip/xc32/v1.21/bin/../lib/gcc/pic32mx/4.5.2/../../../../pic32mx/lib\libmchp_peripheral.a(update_core_timer_lib.o)
 .debug_str     0x000010ee        0x0 c:/program files (x86)/microchip/xc32/v1.21/bin/../lib/gcc/pic32mx/4.5.2/../../../../pic32mx/lib\libmchp_peripheral_32MX220F032D.a(int_disable_interrupts_lib.o)
 .debug_str     0x000010ee        0x0 c:/program files (x86)/microchip/xc32/v1.21/bin/../lib/gcc/pic32mx/4.5.2/../../../../pic32mx/lib\libmchp_peripheral_32MX220F032D.a(int_restore_interrupts_lib.o)
 .debug_str     0x000010ee        0x0 c:/program files (x86)/microchip/xc32/v1.21/bin/../lib/gcc/pic32mx/4.5.2/../../../../pic32mx/lib\libmchp_peripheral_32MX220F032D.a(int_enable_mv_int_lib.o)
 .debug_str     0x000010ee        0x0 c:/program files (x86)/microchip/xc32/v1.21/bin/../lib/gcc/pic32mx/4.5.2/../../../../pic32mx/lib\libmchp_peripheral_32MX220F032D.a(uart_lib.o)
 .debug_str     0x000010ee        0x0 c:/program files (x86)/microchip/xc32/v1.21/bin/../lib/gcc/pic32mx/4.5.2/../../../../pic32mx/lib\libmchp_peripheral_32MX220F032D.a(int_enable_interrupts_lib.o)
 .debug_str     0x000010ee        0x0 c:/program files (x86)/microchip/xc32/v1.21/bin/../lib/gcc/pic32mx/4.5.2/../../../../pic32mx/lib\libpic32.a(default-bootstrap-exception-handler.o)
 .debug_str     0x000010ee        0x0 c:/program files (x86)/microchip/xc32/v1.21/bin/../lib/gcc/pic32mx/4.5.2/../../../../pic32mx/lib\libpic32.a(default-on-reset.o)
 .debug_str     0x000010ee        0x0 c:/program files (x86)/microchip/xc32/v1.21/bin/../lib/gcc/pic32mx/4.5.2/../../../../pic32mx/lib\libpic32.a(default-on-bootstrap.o)
 .debug_str     0x000010ee        0x0 c:/program files (x86)/microchip/xc32/v1.21/bin/../lib/gcc/pic32mx/4.5.2/../../../../pic32mx/lib\libpic32.a(default-general-exception-handler.o)
 .debug_str     0x000010ee        0x0 c:/program files (x86)/microchip/xc32/v1.21/bin/../lib/gcc/pic32mx/4.5.2/../../../../pic32mx/lib\libpic32.a(defaultinterrupt.o)

.debug_loc      0x00000000      0xc94
 *(.debug_loc)
 .debug_loc     0x00000000       0x5c build/default/debug/_ext/1472/main.o
 .debug_loc     0x0000005c      0x23e build/default/debug/_ext/1472/ID_Decode.o
 .debug_loc     0x0000029a       0xb0 build/default/debug/_ext/1472/Initial.o
 .debug_loc     0x0000034a       0x58 build/default/debug/_ext/1472/Timers.o
 .debug_loc     0x000003a2      0x268 build/default/debug/_ext/1472/adf7021.o
 .debug_loc     0x0000060a      0x23c build/default/debug/_ext/1472/Uart.o
 .debug_loc     0x00000846      0x31a build/default/debug/_ext/1472/EEPROM.o
 .debug_loc     0x00000b60      0x134 build/default/debug/_ext/1472/pcf8563.o

.debug_macinfo
 *(.debug_macinfo)

.debug_weaknames
 *(.debug_weaknames)

.debug_funcnames
 *(.debug_funcnames)

.debug_typenames
 *(.debug_typenames)

.debug_varnames
 *(.debug_varnames)

.debug_pubtypes
                0x00000000      0x920
 *(.debug_pubtypes)
 .debug_pubtypes
                0x00000000       0xd9 build/default/debug/_ext/1472/main.o
 .debug_pubtypes
                0x000000d9      0x18f build/default/debug/_ext/1472/ID_Decode.o
 .debug_pubtypes
                0x00000268      0x162 build/default/debug/_ext/1472/Initial.o
 .debug_pubtypes
                0x000003ca      0x10b build/default/debug/_ext/1472/Timers.o
 .debug_pubtypes
                0x000004d5      0x142 build/default/debug/_ext/1472/adf7021.o
 .debug_pubtypes
                0x00000617      0x142 build/default/debug/_ext/1472/Uart.o
 .debug_pubtypes
                0x00000759      0x10a build/default/debug/_ext/1472/EEPROM.o
 .debug_pubtypes
                0x00000863       0xbd build/default/debug/_ext/1472/pcf8563.o

.debug_ranges   0x00000000      0x130
 *(.debug_ranges)
 .debug_ranges  0x00000000       0x48 build/default/debug/_ext/1472/main.o
 .debug_ranges  0x00000048       0x10 c:/program files (x86)/microchip/xc32/v1.21/bin/../lib/gcc/pic32mx/4.5.2/../../../../pic32mx/lib\libmchp_peripheral.a(update_core_timer_lib.o)
 .debug_ranges  0x00000058       0x10 c:/program files (x86)/microchip/xc32/v1.21/bin/../lib/gcc/pic32mx/4.5.2/../../../../pic32mx/lib\libmchp_peripheral_32MX220F032D.a(int_disable_interrupts_lib.o)
 .debug_ranges  0x00000068       0x10 c:/program files (x86)/microchip/xc32/v1.21/bin/../lib/gcc/pic32mx/4.5.2/../../../../pic32mx/lib\libmchp_peripheral_32MX220F032D.a(int_restore_interrupts_lib.o)
 .debug_ranges  0x00000078       0x10 c:/program files (x86)/microchip/xc32/v1.21/bin/../lib/gcc/pic32mx/4.5.2/../../../../pic32mx/lib\libmchp_peripheral_32MX220F032D.a(int_enable_mv_int_lib.o)
 .debug_ranges  0x00000088       0x48 c:/program files (x86)/microchip/xc32/v1.21/bin/../lib/gcc/pic32mx/4.5.2/../../../../pic32mx/lib\libmchp_peripheral_32MX220F032D.a(uart_lib.o)
 .debug_ranges  0x000000d0       0x10 c:/program files (x86)/microchip/xc32/v1.21/bin/../lib/gcc/pic32mx/4.5.2/../../../../pic32mx/lib\libmchp_peripheral_32MX220F032D.a(int_enable_interrupts_lib.o)
 .debug_ranges  0x000000e0       0x10 c:/program files (x86)/microchip/xc32/v1.21/bin/../lib/gcc/pic32mx/4.5.2/../../../../pic32mx/lib\libpic32.a(default-bootstrap-exception-handler.o)
 .debug_ranges  0x000000f0       0x10 c:/program files (x86)/microchip/xc32/v1.21/bin/../lib/gcc/pic32mx/4.5.2/../../../../pic32mx/lib\libpic32.a(default-on-reset.o)
 .debug_ranges  0x00000100       0x10 c:/program files (x86)/microchip/xc32/v1.21/bin/../lib/gcc/pic32mx/4.5.2/../../../../pic32mx/lib\libpic32.a(default-on-bootstrap.o)
 .debug_ranges  0x00000110       0x10 c:/program files (x86)/microchip/xc32/v1.21/bin/../lib/gcc/pic32mx/4.5.2/../../../../pic32mx/lib\libpic32.a(default-general-exception-handler.o)
 .debug_ranges  0x00000120       0x10 c:/program files (x86)/microchip/xc32/v1.21/bin/../lib/gcc/pic32mx/4.5.2/../../../../pic32mx/lib\libpic32.a(defaultinterrupt.o)

.gnu.attributes
                0x00000000       0x10
 *(.gnu.attributes)
 .gnu.attributes
                0x00000000       0x10 build/default/debug/_ext/1472/main.o
 .gnu.attributes
                0x00000010       0x10 build/default/debug/_ext/1472/ID_Decode.o
 .gnu.attributes
                0x00000020       0x10 build/default/debug/_ext/1472/Initial.o
 .gnu.attributes
                0x00000030       0x10 build/default/debug/_ext/1472/Timers.o
 .gnu.attributes
                0x00000040       0x10 build/default/debug/_ext/1472/adf7021.o
 .gnu.attributes
                0x00000050       0x10 build/default/debug/_ext/1472/Uart.o
 .gnu.attributes
                0x00000060       0x10 build/default/debug/_ext/1472/EEPROM.o
 .gnu.attributes
                0x00000070       0x10 build/default/debug/_ext/1472/pcf8563.o
 .gnu.attributes
                0x00000080       0x10 c:/program files (x86)/microchip/xc32/v1.21/bin/../lib/gcc/pic32mx/4.5.2/../../../../pic32mx/lib\libmchp_peripheral.a(update_core_timer_lib.o)
 .gnu.attributes
                0x00000090       0x10 c:/program files (x86)/microchip/xc32/v1.21/bin/../lib/gcc/pic32mx/4.5.2/../../../../pic32mx/lib\libmchp_peripheral_32MX220F032D.a(int_disable_interrupts_lib.o)
 .gnu.attributes
                0x000000a0       0x10 c:/program files (x86)/microchip/xc32/v1.21/bin/../lib/gcc/pic32mx/4.5.2/../../../../pic32mx/lib\libmchp_peripheral_32MX220F032D.a(int_restore_interrupts_lib.o)
 .gnu.attributes
                0x000000b0       0x10 c:/program files (x86)/microchip/xc32/v1.21/bin/../lib/gcc/pic32mx/4.5.2/../../../../pic32mx/lib\libmchp_peripheral_32MX220F032D.a(int_enable_mv_int_lib.o)
 .gnu.attributes
                0x000000c0       0x10 c:/program files (x86)/microchip/xc32/v1.21/bin/../lib/gcc/pic32mx/4.5.2/../../../../pic32mx/lib\libmchp_peripheral_32MX220F032D.a(uart_lib.o)
 .gnu.attributes
                0x000000d0       0x10 c:/program files (x86)/microchip/xc32/v1.21/bin/../lib/gcc/pic32mx/4.5.2/../../../../pic32mx/lib\libmchp_peripheral_32MX220F032D.a(int_enable_interrupts_lib.o)
 .gnu.attributes
                0x000000e0       0x10 c:/program files (x86)/microchip/xc32/v1.21/bin/../lib/gcc/pic32mx/4.5.2/../../../../pic32mx/lib\libpic32.a(default-bootstrap-exception-handler.o)
 .gnu.attributes
                0x000000f0       0x10 c:/program files (x86)/microchip/xc32/v1.21/bin/../lib/gcc/pic32mx/4.5.2/../../../../pic32mx/lib\libpic32.a(default-on-reset.o)
 .gnu.attributes
                0x00000100       0x10 c:/program files (x86)/microchip/xc32/v1.21/bin/../lib/gcc/pic32mx/4.5.2/../../../../pic32mx/lib\libpic32.a(default-on-bootstrap.o)
 .gnu.attributes
                0x00000110       0x10 c:/program files (x86)/microchip/xc32/v1.21/bin/../lib/gcc/pic32mx/4.5.2/../../../../pic32mx/lib\libpic32.a(default-general-exception-handler.o)
 .gnu.attributes
                0x00000120       0x10 c:/program files (x86)/microchip/xc32/v1.21/bin/../lib/gcc/pic32mx/4.5.2/../../../../pic32mx/lib\libpic32.a(defaultinterrupt.o)
LOAD c:/program files (x86)/microchip/xc32/v1.21/bin/../lib/gcc/pic32mx/4.5.2\libgcc.a
START GROUP
LOAD c:/program files (x86)/microchip/xc32/v1.21/bin/../lib/gcc/pic32mx/4.5.2/../../../../pic32mx/lib\libpic32.a
LOAD c:/program files (x86)/microchip/xc32/v1.21/bin/../lib/gcc/pic32mx/4.5.2/../../../../pic32mx/lib\libdebug.a
LOAD c:/program files (x86)/microchip/xc32/v1.21/bin/../lib/gcc/pic32mx/4.5.2/../../../../pic32mx/lib\libm.a
LOAD c:/program files (x86)/microchip/xc32/v1.21/bin/../lib/gcc/pic32mx/4.5.2/../../../../pic32mx/lib\libe.a
LOAD c:/program files (x86)/microchip/xc32/v1.21/bin/../lib/gcc/pic32mx/4.5.2/../../../../pic32mx/lib\libdsp.a
LOAD c:/program files (x86)/microchip/xc32/v1.21/bin/../lib/gcc/pic32mx/4.5.2\libgcc.a
LOAD c:/program files (x86)/microchip/xc32/v1.21/bin/../lib/gcc/pic32mx/4.5.2/../../../../pic32mx/lib\libpic32.a
LOAD c:/program files (x86)/microchip/xc32/v1.21/bin/../lib/gcc/pic32mx/4.5.2/../../../../pic32mx/lib\libc.a
LOAD c:/program files (x86)/microchip/xc32/v1.21/bin/../lib/gcc/pic32mx/4.5.2/../../../../pic32mx/lib\libpic32.a
END GROUP
LOAD c:/program files (x86)/microchip/xc32/v1.21/bin/../lib/gcc/pic32mx/4.5.2\libgcc.a
OUTPUT(dist/default/debug/App_PIC32MX210F016D_Source.X.debug.elf elf32-tradlittlemips)
LOAD stack
LOAD data_init

.reginfo        0x9d000a00       0x18
 .reginfo       0x9d000a00       0x18 c:/program files (x86)/microchip/xc32/v1.21/bin/../lib/gcc/pic32mx/4.5.2/../../../../pic32mx/lib/crt0.o

.stack          0xa0000788      0x400
 .stack         0xa0000788      0x400 stack

.bss            0xa00002e4      0x418
 .bss           0xa00002e4      0x418 build/default/debug/_ext/1472/Initial.o
                0xa00002e4                DATA_Packet_Code
                0xa00002fc                ID_Receiver_DATA

.data           0xa00006fc       0x5c
 .data          0xa00006fc       0x5c build/default/debug/_ext/1472/Initial.o
                0xa00006fc                HA_uart_app
                0xa0000710                RF_SET_TX_carrier_test
                0xa0000728                RF_SET_TX_1010pattern
                0xa0000740                RF_SET_RX_test

.bss%z1         0x00000000        0x0
 .bss           0x00000000        0x0 c:/program files (x86)/microchip/xc32/v1.21/bin/../lib/gcc/pic32mx/4.5.2/../../../../pic32mx/lib\libpic32.a(defaultinterrupt.o)

.data%z2        0x00000000        0x0
 .data          0x00000000        0x0 c:/program files (x86)/microchip/xc32/v1.21/bin/../lib/gcc/pic32mx/4.5.2/../../../../pic32mx/lib\libpic32.a(defaultinterrupt.o)

.bss%z3         0x00000000        0x0
 .bss           0x00000000        0x0 c:/program files (x86)/microchip/xc32/v1.21/bin/../lib/gcc/pic32mx/4.5.2/../../../../pic32mx/lib\libpic32.a(default-general-exception-handler.o)

.data%z4        0x00000000        0x0
 .data          0x00000000        0x0 c:/program files (x86)/microchip/xc32/v1.21/bin/../lib/gcc/pic32mx/4.5.2/../../../../pic32mx/lib\libpic32.a(default-general-exception-handler.o)

.bss%z5         0x00000000        0x0
 .bss           0x00000000        0x0 c:/program files (x86)/microchip/xc32/v1.21/bin/../lib/gcc/pic32mx/4.5.2/../../../../pic32mx/lib\libpic32.a(vector63.o)

.data%z6        0x00000000        0x0
 .data          0x00000000        0x0 c:/program files (x86)/microchip/xc32/v1.21/bin/../lib/gcc/pic32mx/4.5.2/../../../../pic32mx/lib\libpic32.a(vector63.o)

.bss%z7         0x00000000        0x0
 .bss           0x00000000        0x0 c:/program files (x86)/microchip/xc32/v1.21/bin/../lib/gcc/pic32mx/4.5.2/../../../../pic32mx/lib\libpic32.a(vector62.o)

.data%z8        0x00000000        0x0
 .data          0x00000000        0x0 c:/program files (x86)/microchip/xc32/v1.21/bin/../lib/gcc/pic32mx/4.5.2/../../../../pic32mx/lib\libpic32.a(vector62.o)

.bss%z9         0x00000000        0x0
 .bss           0x00000000        0x0 c:/program files (x86)/microchip/xc32/v1.21/bin/../lib/gcc/pic32mx/4.5.2/../../../../pic32mx/lib\libpic32.a(vector61.o)

.data%z10       0x00000000        0x0
 .data          0x00000000        0x0 c:/program files (x86)/microchip/xc32/v1.21/bin/../lib/gcc/pic32mx/4.5.2/../../../../pic32mx/lib\libpic32.a(vector61.o)

.bss%z11        0x00000000        0x0
 .bss           0x00000000        0x0 c:/program files (x86)/microchip/xc32/v1.21/bin/../lib/gcc/pic32mx/4.5.2/../../../../pic32mx/lib\libpic32.a(vector60.o)

.data%z12       0x00000000        0x0
 .data          0x00000000        0x0 c:/program files (x86)/microchip/xc32/v1.21/bin/../lib/gcc/pic32mx/4.5.2/../../../../pic32mx/lib\libpic32.a(vector60.o)

.bss%z13        0x00000000        0x0
 .bss           0x00000000        0x0 c:/program files (x86)/microchip/xc32/v1.21/bin/../lib/gcc/pic32mx/4.5.2/../../../../pic32mx/lib\libpic32.a(vector59.o)

.data%z14       0x00000000        0x0
 .data          0x00000000        0x0 c:/program files (x86)/microchip/xc32/v1.21/bin/../lib/gcc/pic32mx/4.5.2/../../../../pic32mx/lib\libpic32.a(vector59.o)

.bss%z15        0x00000000        0x0
 .bss           0x00000000        0x0 c:/program files (x86)/microchip/xc32/v1.21/bin/../lib/gcc/pic32mx/4.5.2/../../../../pic32mx/lib\libpic32.a(vector58.o)

.data%z16       0x00000000        0x0
 .data          0x00000000        0x0 c:/program files (x86)/microchip/xc32/v1.21/bin/../lib/gcc/pic32mx/4.5.2/../../../../pic32mx/lib\libpic32.a(vector58.o)

.bss%z17        0x00000000        0x0
 .bss           0x00000000        0x0 c:/program files (x86)/microchip/xc32/v1.21/bin/../lib/gcc/pic32mx/4.5.2/../../../../pic32mx/lib\libpic32.a(vector57.o)

.data%z18       0x00000000        0x0
 .data          0x00000000        0x0 c:/program files (x86)/microchip/xc32/v1.21/bin/../lib/gcc/pic32mx/4.5.2/../../../../pic32mx/lib\libpic32.a(vector57.o)

.bss%z19        0x00000000        0x0
 .bss           0x00000000        0x0 c:/program files (x86)/microchip/xc32/v1.21/bin/../lib/gcc/pic32mx/4.5.2/../../../../pic32mx/lib\libpic32.a(vector56.o)

.data%z20       0x00000000        0x0
 .data          0x00000000        0x0 c:/program files (x86)/microchip/xc32/v1.21/bin/../lib/gcc/pic32mx/4.5.2/../../../../pic32mx/lib\libpic32.a(vector56.o)

.bss%z21        0x00000000        0x0
 .bss           0x00000000        0x0 c:/program files (x86)/microchip/xc32/v1.21/bin/../lib/gcc/pic32mx/4.5.2/../../../../pic32mx/lib\libpic32.a(vector55.o)

.data%z22       0x00000000        0x0
 .data          0x00000000        0x0 c:/program files (x86)/microchip/xc32/v1.21/bin/../lib/gcc/pic32mx/4.5.2/../../../../pic32mx/lib\libpic32.a(vector55.o)

.bss%z23        0x00000000        0x0
 .bss           0x00000000        0x0 c:/program files (x86)/microchip/xc32/v1.21/bin/../lib/gcc/pic32mx/4.5.2/../../../../pic32mx/lib\libpic32.a(vector54.o)

.data%z24       0x00000000        0x0
 .data          0x00000000        0x0 c:/program files (x86)/microchip/xc32/v1.21/bin/../lib/gcc/pic32mx/4.5.2/../../../../pic32mx/lib\libpic32.a(vector54.o)

.bss%z25        0x00000000        0x0
 .bss           0x00000000        0x0 c:/program files (x86)/microchip/xc32/v1.21/bin/../lib/gcc/pic32mx/4.5.2/../../../../pic32mx/lib\libpic32.a(vector53.o)

.data%z26       0x00000000        0x0
 .data          0x00000000        0x0 c:/program files (x86)/microchip/xc32/v1.21/bin/../lib/gcc/pic32mx/4.5.2/../../../../pic32mx/lib\libpic32.a(vector53.o)

.bss%z27        0x00000000        0x0
 .bss           0x00000000        0x0 c:/program files (x86)/microchip/xc32/v1.21/bin/../lib/gcc/pic32mx/4.5.2/../../../../pic32mx/lib\libpic32.a(vector52.o)

.data%z28       0x00000000        0x0
 .data          0x00000000        0x0 c:/program files (x86)/microchip/xc32/v1.21/bin/../lib/gcc/pic32mx/4.5.2/../../../../pic32mx/lib\libpic32.a(vector52.o)

.bss%z29        0x00000000        0x0
 .bss           0x00000000        0x0 c:/program files (x86)/microchip/xc32/v1.21/bin/../lib/gcc/pic32mx/4.5.2/../../../../pic32mx/lib\libpic32.a(vector51.o)

.data%z30       0x00000000        0x0
 .data          0x00000000        0x0 c:/program files (x86)/microchip/xc32/v1.21/bin/../lib/gcc/pic32mx/4.5.2/../../../../pic32mx/lib\libpic32.a(vector51.o)

.bss%z31        0x00000000        0x0
 .bss           0x00000000        0x0 c:/program files (x86)/microchip/xc32/v1.21/bin/../lib/gcc/pic32mx/4.5.2/../../../../pic32mx/lib\libpic32.a(vector50.o)

.data%z32       0x00000000        0x0
 .data          0x00000000        0x0 c:/program files (x86)/microchip/xc32/v1.21/bin/../lib/gcc/pic32mx/4.5.2/../../../../pic32mx/lib\libpic32.a(vector50.o)

.bss%z33        0x00000000        0x0
 .bss           0x00000000        0x0 c:/program files (x86)/microchip/xc32/v1.21/bin/../lib/gcc/pic32mx/4.5.2/../../../../pic32mx/lib\libpic32.a(vector49.o)

.data%z34       0x00000000        0x0
 .data          0x00000000        0x0 c:/program files (x86)/microchip/xc32/v1.21/bin/../lib/gcc/pic32mx/4.5.2/../../../../pic32mx/lib\libpic32.a(vector49.o)

.bss%z35        0x00000000        0x0
 .bss           0x00000000        0x0 c:/program files (x86)/microchip/xc32/v1.21/bin/../lib/gcc/pic32mx/4.5.2/../../../../pic32mx/lib\libpic32.a(vector48.o)

.data%z36       0x00000000        0x0
 .data          0x00000000        0x0 c:/program files (x86)/microchip/xc32/v1.21/bin/../lib/gcc/pic32mx/4.5.2/../../../../pic32mx/lib\libpic32.a(vector48.o)

.bss%z37        0x00000000        0x0
 .bss           0x00000000        0x0 c:/program files (x86)/microchip/xc32/v1.21/bin/../lib/gcc/pic32mx/4.5.2/../../../../pic32mx/lib\libpic32.a(vector47.o)

.data%z38       0x00000000        0x0
 .data          0x00000000        0x0 c:/program files (x86)/microchip/xc32/v1.21/bin/../lib/gcc/pic32mx/4.5.2/../../../../pic32mx/lib\libpic32.a(vector47.o)

.bss%z39        0x00000000        0x0
 .bss           0x00000000        0x0 c:/program files (x86)/microchip/xc32/v1.21/bin/../lib/gcc/pic32mx/4.5.2/../../../../pic32mx/lib\libpic32.a(vector46.o)

.data%z40       0x00000000        0x0
 .data          0x00000000        0x0 c:/program files (x86)/microchip/xc32/v1.21/bin/../lib/gcc/pic32mx/4.5.2/../../../../pic32mx/lib\libpic32.a(vector46.o)

.bss%z41        0x00000000        0x0
 .bss           0x00000000        0x0 c:/program files (x86)/microchip/xc32/v1.21/bin/../lib/gcc/pic32mx/4.5.2/../../../../pic32mx/lib\libpic32.a(vector45.o)

.data%z42       0x00000000        0x0
 .data          0x00000000        0x0 c:/program files (x86)/microchip/xc32/v1.21/bin/../lib/gcc/pic32mx/4.5.2/../../../../pic32mx/lib\libpic32.a(vector45.o)

.bss%z43        0x00000000        0x0
 .bss           0x00000000        0x0 c:/program files (x86)/microchip/xc32/v1.21/bin/../lib/gcc/pic32mx/4.5.2/../../../../pic32mx/lib\libpic32.a(vector44.o)

.data%z44       0x00000000        0x0
 .data          0x00000000        0x0 c:/program files (x86)/microchip/xc32/v1.21/bin/../lib/gcc/pic32mx/4.5.2/../../../../pic32mx/lib\libpic32.a(vector44.o)

.bss%z45        0x00000000        0x0
 .bss           0x00000000        0x0 c:/program files (x86)/microchip/xc32/v1.21/bin/../lib/gcc/pic32mx/4.5.2/../../../../pic32mx/lib\libpic32.a(vector43.o)

.data%z46       0x00000000        0x0
 .data          0x00000000        0x0 c:/program files (x86)/microchip/xc32/v1.21/bin/../lib/gcc/pic32mx/4.5.2/../../../../pic32mx/lib\libpic32.a(vector43.o)

.bss%z47        0x00000000        0x0
 .bss           0x00000000        0x0 c:/program files (x86)/microchip/xc32/v1.21/bin/../lib/gcc/pic32mx/4.5.2/../../../../pic32mx/lib\libpic32.a(vector42.o)

.data%z48       0x00000000        0x0
 .data          0x00000000        0x0 c:/program files (x86)/microchip/xc32/v1.21/bin/../lib/gcc/pic32mx/4.5.2/../../../../pic32mx/lib\libpic32.a(vector42.o)

.bss%z49        0x00000000        0x0
 .bss           0x00000000        0x0 c:/program files (x86)/microchip/xc32/v1.21/bin/../lib/gcc/pic32mx/4.5.2/../../../../pic32mx/lib\libpic32.a(vector41.o)

.data%z50       0x00000000        0x0
 .data          0x00000000        0x0 c:/program files (x86)/microchip/xc32/v1.21/bin/../lib/gcc/pic32mx/4.5.2/../../../../pic32mx/lib\libpic32.a(vector41.o)

.bss%z51        0x00000000        0x0
 .bss           0x00000000        0x0 c:/program files (x86)/microchip/xc32/v1.21/bin/../lib/gcc/pic32mx/4.5.2/../../../../pic32mx/lib\libpic32.a(vector40.o)

.data%z52       0x00000000        0x0
 .data          0x00000000        0x0 c:/program files (x86)/microchip/xc32/v1.21/bin/../lib/gcc/pic32mx/4.5.2/../../../../pic32mx/lib\libpic32.a(vector40.o)

.bss%z53        0x00000000        0x0
 .bss           0x00000000        0x0 c:/program files (x86)/microchip/xc32/v1.21/bin/../lib/gcc/pic32mx/4.5.2/../../../../pic32mx/lib\libpic32.a(vector39.o)

.data%z54       0x00000000        0x0
 .data          0x00000000        0x0 c:/program files (x86)/microchip/xc32/v1.21/bin/../lib/gcc/pic32mx/4.5.2/../../../../pic32mx/lib\libpic32.a(vector39.o)

.bss%z55        0x00000000        0x0
 .bss           0x00000000        0x0 c:/program files (x86)/microchip/xc32/v1.21/bin/../lib/gcc/pic32mx/4.5.2/../../../../pic32mx/lib\libpic32.a(vector38.o)

.data%z56       0x00000000        0x0
 .data          0x00000000        0x0 c:/program files (x86)/microchip/xc32/v1.21/bin/../lib/gcc/pic32mx/4.5.2/../../../../pic32mx/lib\libpic32.a(vector38.o)

.bss%z57        0x00000000        0x0
 .bss           0x00000000        0x0 c:/program files (x86)/microchip/xc32/v1.21/bin/../lib/gcc/pic32mx/4.5.2/../../../../pic32mx/lib\libpic32.a(vector37.o)

.data%z58       0x00000000        0x0
 .data          0x00000000        0x0 c:/program files (x86)/microchip/xc32/v1.21/bin/../lib/gcc/pic32mx/4.5.2/../../../../pic32mx/lib\libpic32.a(vector37.o)

.bss%z59        0x00000000        0x0
 .bss           0x00000000        0x0 c:/program files (x86)/microchip/xc32/v1.21/bin/../lib/gcc/pic32mx/4.5.2/../../../../pic32mx/lib\libpic32.a(vector36.o)

.data%z60       0x00000000        0x0
 .data          0x00000000        0x0 c:/program files (x86)/microchip/xc32/v1.21/bin/../lib/gcc/pic32mx/4.5.2/../../../../pic32mx/lib\libpic32.a(vector36.o)

.bss%z61        0x00000000        0x0
 .bss           0x00000000        0x0 c:/program files (x86)/microchip/xc32/v1.21/bin/../lib/gcc/pic32mx/4.5.2/../../../../pic32mx/lib\libpic32.a(vector35.o)

.data%z62       0x00000000        0x0
 .data          0x00000000        0x0 c:/program files (x86)/microchip/xc32/v1.21/bin/../lib/gcc/pic32mx/4.5.2/../../../../pic32mx/lib\libpic32.a(vector35.o)

.bss%z63        0x00000000        0x0
 .bss           0x00000000        0x0 c:/program files (x86)/microchip/xc32/v1.21/bin/../lib/gcc/pic32mx/4.5.2/../../../../pic32mx/lib\libpic32.a(vector34.o)

.data%z64       0x00000000        0x0
 .data          0x00000000        0x0 c:/program files (x86)/microchip/xc32/v1.21/bin/../lib/gcc/pic32mx/4.5.2/../../../../pic32mx/lib\libpic32.a(vector34.o)

.bss%z65        0x00000000        0x0
 .bss           0x00000000        0x0 c:/program files (x86)/microchip/xc32/v1.21/bin/../lib/gcc/pic32mx/4.5.2/../../../../pic32mx/lib\libpic32.a(vector33.o)

.data%z66       0x00000000        0x0
 .data          0x00000000        0x0 c:/program files (x86)/microchip/xc32/v1.21/bin/../lib/gcc/pic32mx/4.5.2/../../../../pic32mx/lib\libpic32.a(vector33.o)

.bss%z67        0x00000000        0x0
 .bss           0x00000000        0x0 c:/program files (x86)/microchip/xc32/v1.21/bin/../lib/gcc/pic32mx/4.5.2/../../../../pic32mx/lib\libpic32.a(vector31.o)

.data%z68       0x00000000        0x0
 .data          0x00000000        0x0 c:/program files (x86)/microchip/xc32/v1.21/bin/../lib/gcc/pic32mx/4.5.2/../../../../pic32mx/lib\libpic32.a(vector31.o)

.bss%z69        0x00000000        0x0
 .bss           0x00000000        0x0 c:/program files (x86)/microchip/xc32/v1.21/bin/../lib/gcc/pic32mx/4.5.2/../../../../pic32mx/lib\libpic32.a(vector30.o)

.data%z70       0x00000000        0x0
 .data          0x00000000        0x0 c:/program files (x86)/microchip/xc32/v1.21/bin/../lib/gcc/pic32mx/4.5.2/../../../../pic32mx/lib\libpic32.a(vector30.o)

.bss%z71        0x00000000        0x0
 .bss           0x00000000        0x0 c:/program files (x86)/microchip/xc32/v1.21/bin/../lib/gcc/pic32mx/4.5.2/../../../../pic32mx/lib\libpic32.a(vector29.o)

.data%z72       0x00000000        0x0
 .data          0x00000000        0x0 c:/program files (x86)/microchip/xc32/v1.21/bin/../lib/gcc/pic32mx/4.5.2/../../../../pic32mx/lib\libpic32.a(vector29.o)

.bss%z73        0x00000000        0x0
 .bss           0x00000000        0x0 c:/program files (x86)/microchip/xc32/v1.21/bin/../lib/gcc/pic32mx/4.5.2/../../../../pic32mx/lib\libpic32.a(vector28.o)

.data%z74       0x00000000        0x0
 .data          0x00000000        0x0 c:/program files (x86)/microchip/xc32/v1.21/bin/../lib/gcc/pic32mx/4.5.2/../../../../pic32mx/lib\libpic32.a(vector28.o)

.bss%z75        0x00000000        0x0
 .bss           0x00000000        0x0 c:/program files (x86)/microchip/xc32/v1.21/bin/../lib/gcc/pic32mx/4.5.2/../../../../pic32mx/lib\libpic32.a(vector27.o)

.data%z76       0x00000000        0x0
 .data          0x00000000        0x0 c:/program files (x86)/microchip/xc32/v1.21/bin/../lib/gcc/pic32mx/4.5.2/../../../../pic32mx/lib\libpic32.a(vector27.o)

.bss%z77        0x00000000        0x0
 .bss           0x00000000        0x0 c:/program files (x86)/microchip/xc32/v1.21/bin/../lib/gcc/pic32mx/4.5.2/../../../../pic32mx/lib\libpic32.a(vector26.o)

.data%z78       0x00000000        0x0
 .data          0x00000000        0x0 c:/program files (x86)/microchip/xc32/v1.21/bin/../lib/gcc/pic32mx/4.5.2/../../../../pic32mx/lib\libpic32.a(vector26.o)

.bss%z79        0x00000000        0x0
 .bss           0x00000000        0x0 c:/program files (x86)/microchip/xc32/v1.21/bin/../lib/gcc/pic32mx/4.5.2/../../../../pic32mx/lib\libpic32.a(vector25.o)

.data%z80       0x00000000        0x0